Iteration	Posterior	Likelihood	Prior	rate_log_sd	tree_length
0	-8156.118	-8418.284	262.1661	0.8283069	7.191203
6	-8156.476	-8417.94	261.4635	0.9083912	7.525161
12	-8155.304	-8415.968	260.6647	0.8088948	8.005244
18	-8151.399	-8412.416	261.0168	0.8524271	7.794086
24	-8144.229	-8406.923	262.6943	0.8565294	6.891741
30	-8131.711	-8392.096	260.3846	0.8242924	8.146346
36	-8130.909	-8391.32	260.4108	0.7981164	8.146346
42	-8133.915	-8395.988	262.0725	0.9130049	7.196021
48	-8128.205	-8388.648	260.4431	0.8739449	8.088704
54	-8127.24	-8388.55	261.3102	0.8865654	7.618915
60	-8146.354	-8408.088	261.7346	0.7929361	7.441761
66	-8146.879	-8407.19	260.3116	0.8244748	8.185127
72	-8139.248	-8400.701	261.4536	0.8369985	7.56872
78	-8125.398	-8386.792	261.394	0.8493273	7.594007
84	-8138.912	-8399.815	260.9033	0.8354755	7.863716
90	-8145.675	-8406.671	260.9964	0.7424604	7.863716
96	-8140.081	-8402.397	262.3158	0.7995416	7.126229
102	-8145.782	-8406.385	260.6032	0.801646	8.041909
108	-8135.995	-8397.543	261.5481	0.8521881	7.509962
114	-8140.401	-8402.614	262.213	0.8521881	7.153183
120	-8145.575	-8408.352	262.777	0.9188268	6.813569
126	-8142.267	-8404.495	262.2282	0.9382569	7.098728
132	-8155.206	-8417.511	262.3045	0.8330306	7.114305
138	-8129.26	-8391.34	262.0798	0.8452258	7.228524
144	-8131.114	-8393.14	262.0254	0.8995389	7.228524
150	-8143.227	-8405.882	262.6556	0.8927349	6.893115
156	-8147.824	-8410.94	263.1155	0.8599577	6.662501
162	-8141.299	-8404.138	262.8385	0.89118	6.795266
168	-8151.505	-8413.874	262.3682	0.8767357	7.056519
174	-8146.81	-8406.608	259.7979	0.8068648	8.467765
180	-8152.511	-8413.542	261.0305	0.8010592	7.814203
186	-8135.662	-8397.772	262.1096	0.8628847	7.203021
192	-8135.231	-8396.553	261.3218	0.8194058	7.648643
198	-8132.239	-8392.862	260.6226	0.8272166	8.017928
204	-8143.411	-8405.504	262.0928	0.7845849	7.254109
210	-8148.915	-8410.405	261.4904	0.8975608	7.516566
216	-8155.115	-8418.267	263.152	0.8662432	6.639389
222	-8147.997	-8409.788	261.7913	0.8453099	7.383285
228	-8144.727	-8406.799	262.0722	0.8573881	7.226066
234	-8135.719	-8398.43	262.7113	0.7717222	6.928294
240	-8141.37	-8403.915	262.5449	0.8721133	6.963835
246	-8146.753	-8409.25	262.4965	0.8122698	7.022162
252	-8147.337	-8408.363	261.0253	0.8562356	7.787505
258	-8141.831	-8403.384	261.553	0.7600162	7.556721
264	-8148.447	-8411.126	262.6795	0.876919	6.88874
270	-8137.287	-8401.238	263.951	0.9838291	6.142164
276	-8137.544	-8400.66	263.116	0.9500373	6.613561
282	-8135.378	-8396.328	260.9493	0.8296954	7.84229
288	-8122.652	-8383.41	260.7581	0.8233009	7.947735
294	-8134.547	-8395.188	260.6413	0.8038468	8.020421
300	-8127.154	-8389.141	261.9868	0.8379368	7.282384
306	-8129.307	-8392.828	263.5214	0.903866	6.419003
312	-8141.273	-8404.084	262.8109	0.8385812	6.838526
318	-8134.351	-8396.047	261.6962	0.8131139	7.451554
324	-8125.986	-8389.945	263.9592	0.9203849	6.172219
330	-8128.974	-8390.562	261.588	0.8589735	7.484963
336	-8129.172	-8391.129	261.957	0.8522476	7.290698
342	-8131.23	-8393.535	262.3056	0.9216419	7.066012
348	-8132.995	-8394.122	261.1275	0.8428343	7.740061
354	-8138.972	-8400.493	261.5206	0.7834268	7.561536
360	-8141.009	-8402.32	261.3108	0.7746803	7.67849
366	-8122.678	-8385.376	262.6985	0.8682088	6.883196
372	-8138.864	-8401.333	262.4697	0.8301108	7.026969
378	-8132.192	-8393.166	260.9732	0.8235098	7.832805
384	-8153.344	-8415.813	262.4689	0.9232809	6.977252
390	-8137.208	-8400.405	263.1966	0.8793471	6.608155
396	-8139.647	-8401.523	261.8763	0.7775089	7.374057
402	-8153.471	-8417.068	263.5973	0.9071916	6.376017
408	-8151.355	-8414.347	262.9925	0.8953204	6.709872
414	-8138.787	-8402.467	263.6803	0.9790841	6.291923
420	-8142.121	-8404.661	262.5392	0.863276	6.9717
426	-8147.735	-8410.668	262.933	0.910466	6.733812
432	-8130.921	-8394.194	263.2725	0.9219262	6.544076
438	-8136.929	-8399.766	262.8373	0.8718854	6.806344
444	-8151.245	-8412.671	261.4265	0.8140555	7.595476
450	-8144.192	-8406.079	261.8867	0.8268937	7.34202
456	-8151.369	-8414.57	263.2019	0.9426957	6.571047
462	-8138.17	-8400.985	262.8151	0.9222742	6.791144
468	-8148.443	-8410.842	262.3986	0.9327471	7.009995
474	-8146.753	-8408.366	261.6132	0.8727079	7.464076
480	-8138.932	-8400.684	261.7525	0.840587	7.406618
486	-8136.858	-8399.048	262.1891	0.8284356	7.178809
492	-8143.931	-8403.72	259.7885	0.7759163	8.489203
498	-8134.054	-8395.672	261.6179	0.8159307	7.492
504	-8135.966	-8396.948	260.9812	0.7825357	7.850435
510	-8137.092	-8398.503	261.4118	0.8688394	7.574021
516	-8134.906	-8398.095	263.1889	0.954349	6.571754
522	-8130.451	-8393.928	263.4765	0.8991852	6.445862
528	-8146.81	-8408.447	261.6364	0.8730884	7.45145
534	-8136.706	-8398.374	261.668	0.8415419	7.45145
540	-8142.71	-8404.392	261.6825	0.8270402	7.45145
546	-8144.496	-8405.108	260.6127	0.8055428	8.034746
552	-8143.386	-8404.799	261.4126	0.7899632	7.615853
558	-8125.058	-8386.173	261.1156	0.8860448	7.723306
564	-8129.022	-8391.245	262.223	0.8689121	7.138836
570	-8131.955	-8394.869	262.9142	0.8460479	6.778781
576	-8138.339	-8402.297	263.9573	0.9129369	6.177333
582	-8133.52	-8397.448	263.9285	0.9417331	6.177333
588	-8134.871	-8398.112	263.2414	0.8425044	6.60385
594	-8137.074	-8397.517	260.443	0.8197207	8.117642
600	-8134.645	-8395.832	261.1869	0.8626963	7.697638
606	-8140.367	-8401.937	261.5697	0.8909289	7.477661
612	-8145.525	-8407.304	261.7792	0.9175052	7.351067
618	-8156.208	-8418.334	262.1262	0.8779046	7.185998
624	-8162.389	-8425.376	262.9872	0.9064643	6.706713
630	-8145.372	-8407.56	262.1878	0.8450265	7.170565
636	-8134.56	-8397.699	263.1394	0.8834762	6.636894
642	-8126.943	-8390.06	263.1171	0.9546033	6.610475
648	-8136.799	-8399.953	263.1535	0.9181767	6.610475
654	-8132.518	-8395.641	263.1227	0.8727204	6.651727
660	-8122.056	-8384.626	262.5701	0.8727204	6.949978
666	-8127.353	-8389.908	262.555	0.8877912	6.949978
672	-8151.231	-8413.177	261.9456	0.8589575	7.293194
678	-8142.687	-8405.094	262.407	0.9014638	7.022296
684	-8146.262	-8408.793	262.5304	0.8146892	7.002609
690	-8125.526	-8387.253	261.7278	0.8502234	7.414717
696	-8119.88	-8381.748	261.8677	0.8184725	7.356731
702	-8137.089	-8398.957	261.8677	0.8184725	7.356731
708	-8139.629	-8401.864	262.2349	0.8505164	7.142296
714	-8129.139	-8391.499	262.3606	0.8306669	7.085377
720	-8154.154	-8414.963	260.8094	0.7568719	7.955792
726	-8161.48	-8422.324	260.8434	0.7229587	7.955792
732	-8148.339	-8410.404	262.0646	0.7977477	7.262156
738	-8144.981	-8405.589	260.6079	0.7221222	8.081786
744	-8140.965	-8402.759	261.7949	0.7984629	7.406482
750	-8155.621	-8414.422	258.8014	0.7261055	9.039021
756	-8141.585	-8403.914	262.3292	0.9088724	7.060209
762	-8137.687	-8400.245	262.5578	0.8506332	6.968489
768	-8140.554	-8403.192	262.6384	0.7699815	6.968489
774	-8145.049	-8406.076	261.0274	0.6881292	7.87615
780	-8139.092	-8399.435	260.3431	0.696615	8.236409
786	-8138.668	-8398.768	260.1003	0.7503972	8.337006
792	-8139.345	-8399.394	260.0488	0.8019355	8.337006
798	-8132.954	-8394.24	261.2864	0.8279603	7.663042
804	-8143.801	-8405.008	261.2073	0.7972433	7.721735
810	-8147.325	-8408.857	261.5314	0.9072319	7.489434
816	-8134.666	-8396.183	261.5169	0.8451409	7.530461
822	-8139.753	-8401.682	261.9285	0.7988939	7.334625
828	-8139.384	-8401.62	262.2357	0.9125022	7.108547
834	-8133.262	-8394.199	260.9379	0.8433086	7.841079
840	-8131.124	-8394.304	263.1797	0.8998274	6.606219
846	-8132.336	-8395.471	263.1352	0.9334767	6.612123
852	-8129.016	-8391.773	262.757	0.9275211	6.81964
858	-8131.031	-8392.436	261.405	0.7624809	7.634606
864	-8142.566	-8404.377	261.8105	0.9303389	7.327381
870	-8141.568	-8404.627	263.0587	0.8925996	6.675588
876	-8138.374	-8400.964	262.5894	0.8925996	6.92883
882	-8148.513	-8408.861	260.3483	0.7819667	8.188194
888	-8133.463	-8393.812	260.3483	0.7819667	8.188194
894	-8128.488	-8390.404	261.9163	0.8307453	7.324054
900	-8144.949	-8407.818	262.8688	0.8541677	6.798898
906	-8135.698	-8398.338	262.6396	0.943489	6.874378
912	-8127.783	-8390.609	262.8254	0.943489	6.774103
918	-8125.126	-8388.588	263.4624	0.7999336	6.507312
924	-8124.208	-8387.906	263.6981	0.8544134	6.34997
930	-8120.698	-8382.197	261.4993	0.8247829	7.550806
936	-8126.174	-8388.229	262.0549	0.8301894	7.249932
942	-8153.103	-8414.296	261.1937	0.8494414	7.701116
948	-8145.883	-8408.532	262.6485	0.8718217	6.908217
954	-8138.981	-8401.613	262.632	0.8883103	6.908217
960	-8151.619	-8414.255	262.6365	0.9645876	6.864642
966	-8140.001	-8404.424	264.4233	0.9949403	5.878554
972	-8134.217	-8397.913	263.6953	0.872409	6.341705
978	-8153.933	-8414.299	260.3666	0.8236274	8.156263
984	-8141.387	-8404.011	262.624	0.9400532	6.884614
990	-8125.393	-8387.537	262.1437	0.918052	7.155023
996	-8139.14	-8401.097	261.9571	0.8665033	7.282982
1002	-8136.794	-8398.746	261.9515	0.8720738	7.282982
1008	-8140.949	-8402.692	261.7429	0.8720738	7.394921
1014	-8127.11	-8389.279	262.1696	0.8689706	7.167516
1020	-8140.452	-8402.369	261.9167	0.8819679	7.296344
1026	-8148.212	-8409.882	261.6702	0.78669	7.479657
1032	-8148.078	-8408.726	260.6481	0.787289	8.025639
1038	-8121.45	-8383.52	262.0699	0.7627663	7.278113
1044	-8128.854	-8391.901	263.0468	0.9068231	6.674318
1050	-8121.852	-8383.216	261.3648	0.8321758	7.61884
1056	-8116.01	-8378.328	262.3179	0.8321758	7.107552
1062	-8123.979	-8385.739	261.7602	0.7899343	7.429675
1068	-8134.573	-8395.35	260.7768	0.7221838	7.991705
1074	-8140.113	-8399.41	259.2965	0.749239	8.764459
1080	-8139.457	-8400.213	260.7561	0.7539112	7.985847
1086	-8145.341	-8406.356	261.0148	0.817504	7.813772
1092	-8145.949	-8407.139	261.1904	0.7978872	7.730417
1098	-8145.417	-8407.028	261.6116	0.8109715	7.498007
1104	-8140.545	-8403.885	263.3398	0.9304944	6.502962
1110	-8137.105	-8398.495	261.3907	0.8309184	7.605613
1116	-8142.129	-8403.484	261.3557	0.8659942	7.605613
1122	-8144.374	-8406.029	261.6541	0.8818476	7.437263
1128	-8139.65	-8403.463	263.8133	1.001945	6.20721
1134	-8141.451	-8404.266	262.8158	0.9013773	6.802015
1140	-8151.018	-8413.228	262.2099	0.8442822	7.159103
1146	-8155.623	-8417.35	261.7262	0.85658	7.412154
1152	-8140.799	-8402.062	261.2625	0.8300713	7.674703
1158	-8138.467	-8399.982	261.5141	0.8286483	7.540763
1164	-8125.456	-8386.812	261.355	0.8286483	7.625935
1170	-8144.768	-8405.724	260.9557	0.8757154	7.814286
1176	-8150.402	-8413.121	262.7188	0.9627587	6.821253
1182	-8133.92	-8396.552	262.6327	0.9361093	6.882062
1188	-8132.747	-8393.834	261.0875	0.8342736	7.765985
1194	-8148.069	-8411	262.9305	0.880303	6.751495
1200	-8146.045	-8407.741	261.6962	0.7882503	7.46489
1206	-8141.515	-8402.948	261.4324	0.8169542	7.590811
1212	-8138.183	-8399.575	261.3924	0.8569323	7.590811
1218	-8125.773	-8388.681	262.9089	0.8819113	6.762291
1224	-8135.323	-8398.04	262.7171	0.8819113	6.865782
1230	-8137.151	-8399.783	262.6325	0.966492	6.865782
1236	-8147.892	-8410.82	262.9288	0.8515472	6.767906
1242	-8135.713	-8397.637	261.9245	0.8116293	7.329939
1248	-8140.785	-8402.141	261.3559	0.7945396	7.643706
1254	-8129.702	-8391.835	262.133	0.9015019	7.169678
1260	-8129.217	-8392.798	263.5803	0.9178427	6.379482
1266	-8147.203	-8411.707	264.5031	1.027197	5.817262
1272	-8138.173	-8402.892	264.7192	0.9916879	5.71839
1278	-8138.432	-8403.139	264.7071	1.003825	5.71839
1284	-8137.694	-8401.051	263.3577	0.8835111	6.51873
1290	-8158.403	-8418.691	260.2873	0.8149958	8.203094
1296	-8164.714	-8426.128	261.4137	0.7896138	7.615452
1302	-8137.816	-8398.346	260.5304	0.7921693	8.085767
1308	-8136.425	-8398.184	261.7581	0.7940133	7.428599
1314	-8141.531	-8404.621	263.09	0.8683505	6.671789
1320	-8140.662	-8403.982	263.3192	0.9034822	6.528775
1326	-8134.086	-8397.362	263.2766	0.9460912	6.528775
1332	-8135.895	-8399.137	263.2414	0.8843402	6.581248
1338	-8143.196	-8404.125	260.9295	0.7758374	7.881588
1344	-8139.955	-8401.68	261.7258	0.857079	7.412132
1350	-8129.521	-8391.619	262.0981	0.8298115	7.226949
1356	-8133.53	-8394.008	260.4778	0.7679513	8.126684
1362	-8130.501	-8392.848	262.3469	0.752802	7.134606
1368	-8139.39	-8400.594	261.2045	0.7269241	7.760815
1374	-8141.261	-8404.013	262.7518	0.9341866	6.81886
1380	-8137.469	-8400.14	262.6714	0.8968608	6.882353
1386	-8146.641	-8409.781	263.1401	0.9111655	6.621548
1392	-8151.774	-8414.87	263.0957	0.8965084	6.653477
1398	-8141.209	-8402.785	261.5757	0.8631423	7.489325
1404	-8154.217	-8415.864	261.6462	0.8226227	7.473244
1410	-8155.585	-8416.854	261.2691	0.813001	7.680266
1416	-8136.75	-8398.029	261.2788	0.7541481	7.706581
1422	-8140.455	-8402.889	262.434	0.8749178	7.022049
1428	-8149.632	-8412.063	262.431	0.8779557	7.022049
1434	-8148.645	-8411.22	262.5753	0.9177748	6.922873
1440	-8145.081	-8407.857	262.7757	0.9166398	6.815413
1446	-8139.827	-8402.704	262.8766	0.9060512	6.766703
1452	-8134.468	-8397.215	262.7465	0.8753469	6.853461
1458	-8135.802	-8397.778	261.9763	0.8750245	7.26806
1464	-8124.296	-8385.309	261.0132	0.9371028	7.750751
1470	-8128.434	-8390.775	262.3411	0.9110572	7.052611
1476	-8130.293	-8392.443	262.1501	0.8613579	7.182048
1482	-8126.472	-8387.536	261.0645	0.7882231	7.80286
1488	-8136.549	-8398.64	262.0909	0.8239838	7.233933
1494	-8128.964	-8390	261.0366	0.827138	7.796999
1500	-8128.597	-8390.635	262.0381	0.8191661	7.264897
1506	-8147.856	-8409.333	261.4769	0.7524071	7.601516
1512	-8156.757	-8419.074	262.3173	0.8680151	7.088575
1518	-8149.872	-8412.266	262.3933	0.925507	7.016721
1524	-8149.185	-8410.679	261.4937	0.9069328	7.509812
1530	-8135.098	-8396.783	261.6852	0.7592712	7.48628
1536	-8134.384	-8395.885	261.5008	0.8450349	7.53913
1542	-8141.838	-8403.867	262.0297	0.8484633	7.253645
1548	-8144.334	-8405.979	261.6453	0.8270034	7.471396
1554	-8131.862	-8392.551	260.6888	0.7779735	8.008893
1560	-8142.048	-8404.153	262.1042	0.8183188	7.229873
1566	-8131.337	-8392.659	261.3225	0.7797308	7.669524
1572	-8142.628	-8404.738	262.1104	0.8071204	7.232534
1578	-8137.877	-8398.695	260.8176	0.8659715	7.893209
1584	-8147.219	-8408.564	261.3454	0.8720065	7.607911
1590	-8155.109	-8416.763	261.6537	0.8108562	7.475537
1596	-8156.494	-8418.96	262.4661	0.8183806	7.035236
1602	-8151.59	-8413.524	261.9341	0.7692196	7.347505
1608	-8140.104	-8402.35	262.2454	0.8797445	7.12096
1614	-8149.798	-8413.278	263.4796	0.9171879	6.434424
1620	-8136.196	-8398.137	261.9408	0.8555242	7.297601
1626	-8132.749	-8394.891	262.1418	0.8049781	7.216811
1632	-8127.905	-8391.77	263.8649	0.8808457	6.245043
1638	-8121.053	-8383.835	262.7818	0.8758728	6.834131
1644	-8138.126	-8400.931	262.8049	0.8527849	6.834131
1650	-8133.939	-8397.186	263.2468	0.8163141	6.615132
1656	-8130.327	-8393.561	263.2343	0.9387109	6.555655
1662	-8147.866	-8411.148	263.2822	0.8908031	6.555655
1668	-8139.067	-8402.054	262.9866	0.9707735	6.672275
1674	-8147.803	-8412.526	264.7229	1.101974	5.655928
1680	-8134.204	-8396.058	261.8541	0.8308068	7.357412
1686	-8147.768	-8409.341	261.5736	0.8544823	7.495094
1692	-8163.807	-8424.627	260.8203	0.8207701	7.915924
1698	-8140.772	-8403.054	262.2817	0.8837423	7.099258
1704	-8132.546	-8394.909	262.3627	0.8809062	7.057198
1710	-8135.328	-8396.315	260.9874	0.8757203	7.797329
1716	-8134.42	-8396.204	261.784	0.7930492	7.415253
1722	-8131.629	-8394.041	262.4124	0.7729198	7.088592
1728	-8132.57	-8395.222	262.6513	0.8790584	6.9028
1734	-8154.42	-8417.33	262.9107	0.8703353	6.767564
1740	-8141.506	-8403.829	262.323	0.8458078	7.097484
1746	-8137.068	-8399.245	262.1771	0.7530733	7.22576
1752	-8146.8	-8409.25	262.4509	0.8488485	7.027005
1758	-8145.13	-8406.594	261.4642	0.8559219	7.552884
1764	-8131.31	-8392.125	260.8144	0.8153985	7.921901
1770	-8131.197	-8392.875	261.678	0.8953676	7.4172
1776	-8138.973	-8401.433	262.4598	0.8445242	7.024531
1782	-8131.368	-8392.927	261.5591	0.7899838	7.537407
1788	-8132.01	-8394.398	262.3884	0.8432799	7.063651
1794	-8136.724	-8398.007	261.2827	0.7646487	7.698844
1800	-8135.671	-8396.923	261.252	0.7953342	7.698844
1806	-8133.309	-8395.674	262.3651	0.8484247	7.073398
1812	-8138.524	-8400.864	262.3405	0.8730637	7.073398
1818	-8132.702	-8393.418	260.7161	0.8271238	7.968134
1824	-8142.382	-8403.573	261.1908	0.8379476	7.708813
1830	-8128.765	-8390.044	261.2786	0.8354576	7.663164
1836	-8144.672	-8406.198	261.5254	0.8892257	7.50229
1842	-8150.076	-8413.727	263.6517	1.019944	6.285277
1848	-8149.728	-8412.142	262.4137	0.8885417	7.025671
1854	-8133.203	-8396.734	263.5306	0.909214	6.411124
1860	-8142.798	-8407.309	264.5106	0.9875773	5.83484
1866	-8129.92	-8392.868	262.9477	0.938197	6.710916
1872	-8136.543	-8399.645	263.1027	0.8507536	6.674431
1878	-8144.948	-8408.21	263.2615	0.8678943	6.579257
1884	-8150.85	-8414.103	263.2531	0.8750775	6.579941
1890	-8135.979	-8398.136	262.1572	0.8778595	7.169388
1896	-8137.374	-8399.632	262.2586	0.8778595	7.114859
1902	-8148.846	-8408.747	259.9014	0.7491654	8.443424
1908	-8138.396	-8398.277	259.881	0.769506	8.443424
1914	-8138.465	-8399.606	261.1408	0.8156757	7.747434
1920	-8142.944	-8403.726	260.7826	0.8119385	7.94075
1926	-8139.194	-8400.878	261.6842	0.8316788	7.448042
1932	-8132.084	-8393.767	261.6835	0.8324148	7.448042
1938	-8146.684	-8408.814	262.1295	0.851748	7.19829
1944	-8138.721	-8400.654	261.9327	0.8329799	7.314041
1950	-8152.072	-8414.084	262.0123	0.8220959	7.277193
1956	-8149.657	-8411.589	261.9322	0.8429676	7.308948
1962	-8136.721	-8398.181	261.4594	0.8429676	7.562388
1968	-8137.765	-8399.025	261.26	0.7510998	7.718255
1974	-8144.289	-8405.846	261.5568	0.8721436	7.494625
1980	-8141.637	-8403.992	262.3544	0.8057021	7.10214
1986	-8139.022	-8399.445	260.4234	0.7739615	8.152463
1992	-8136.576	-8397.39	260.8145	0.7979993	7.931173
1998	-8131.993	-8395.212	263.2189	0.8901204	6.590283
2004	-8143.48	-8407.234	263.7541	0.8442591	6.325097
2010	-8132.111	-8394.235	262.1237	0.8261427	7.215159
2016	-8152.101	-8413.33	261.2287	0.870632	7.671045
2022	-8144.87	-8405.174	260.3032	0.7687284	8.2193
2028	-8145.066	-8403.718	258.6511	0.748894	9.106517
2034	-8146.173	-8407.487	261.3139	0.7982244	7.664203
2040	-8150.113	-8412.28	262.1667	0.8366643	7.186418
2046	-8141.28	-8404.232	262.952	0.8724226	6.744121
2052	-8145.024	-8405.854	260.8292	0.840806	7.90045
2058	-8116.282	-8378.417	262.1352	0.7605575	7.244248
2064	-8115.64	-8376.134	260.4939	0.7810861	8.111102
2070	-8123.216	-8383.704	260.4877	0.7873718	8.111102
2076	-8116.44	-8377.971	261.531	0.8493664	7.520634
2082	-8125.708	-8388.59	262.8824	0.8836188	6.775667
2088	-8123.142	-8386.313	263.1711	0.9341258	6.592328
2094	-8139.067	-8402.357	263.2902	0.8882606	6.552703
2100	-8134.776	-8398.003	263.2276	0.8808427	6.590579
2106	-8134.72	-8398.041	263.3207	0.8808427	6.540227
2112	-8147.383	-8408.796	261.4128	0.8008755	7.609878
2118	-8155.723	-8414.571	258.8478	0.7238546	9.015633
2124	-8132.45	-8394.377	261.9278	0.8553021	7.304708
2130	-8131.898	-8392.584	260.6854	0.9024878	7.944293
2136	-8132.635	-8393.849	261.214	0.8030853	7.715024
2142	-8136.101	-8398.008	261.9068	0.8907728	7.296922
2148	-8130.618	-8391.661	261.0429	0.8432596	7.785021
2154	-8152.146	-8414.726	262.5808	0.8296796	6.967363
2160	-8140.721	-8403.208	262.4869	0.9236324	6.967363
2166	-8148.304	-8409.565	261.2602	0.7510948	7.718152
2172	-8154.783	-8415.794	261.0113	0.7607143	7.845999
2178	-8148.868	-8409.838	260.97	0.8020292	7.845999
2184	-8142.649	-8403.966	261.3174	0.7777699	7.673309
2190	-8142.547	-8405.76	263.2132	0.881873	6.597829
2196	-8128.287	-8390.624	262.3372	0.8895868	7.06627
2202	-8131.112	-8392.937	261.8252	0.8701989	7.351783
2208	-8133.031	-8396.045	263.0142	0.9230422	6.683186
2214	-8128.18	-8390.323	262.143	0.823289	7.206316
2220	-8134.394	-8396.023	261.6295	0.7992576	7.494727
2226	-8134.176	-8396.164	261.988	0.7986992	7.302772
2232	-8142.264	-8404.583	262.3186	0.8200226	7.113684
2238	-8141.058	-8403.064	262.0064	0.6974128	7.34727
2244	-8132.609	-8394.594	261.9852	0.8873417	7.256664
2250	-8137.052	-8399.104	262.0516	0.7811244	7.278043
2256	-8148.448	-8410.465	262.018	0.8148097	7.278043
2262	-8165.789	-8427.002	261.2135	0.7825622	7.726279
2268	-8157.599	-8417.19	259.5903	0.8686418	8.545234
2274	-8166.949	-8428.294	261.3446	0.8755077	7.606459
2280	-8149.008	-8410.352	261.3439	0.7980482	7.648272
2286	-8152.753	-8412.759	260.0063	0.7380697	8.393571
2292	-8144.532	-8407.056	262.5238	0.8425297	6.991151
2298	-8140.24	-8400.789	260.5488	0.7958102	8.074011
2304	-8137.405	-8397.765	260.3604	0.8259501	8.158337
2310	-8134.542	-8394.982	260.4404	0.7459713	8.158337
2316	-8142.522	-8405.787	263.2659	0.8683522	6.576618
2322	-8146.285	-8408.387	262.1021	0.896083	7.189213
2328	-8142.712	-8404.651	261.9384	0.8634536	7.294646
2334	-8125.512	-8387.377	261.8654	0.8885568	7.320367
2340	-8125.406	-8387.205	261.7985	0.8440891	7.380123
2346	-8124.167	-8385.844	261.677	0.8622633	7.435521
2352	-8123.991	-8386.367	262.3763	0.8149461	7.085377
2358	-8128.749	-8390.679	261.9306	0.8364008	7.313372
2364	-8127.884	-8388.252	260.3679	0.7333073	8.203692
2370	-8128.829	-8391.626	262.7967	0.9254888	6.799317
2376	-8138.761	-8402.274	263.5131	0.8979794	6.426676
2382	-8139.055	-8399.862	260.8069	0.8454707	7.909856
2388	-8141.059	-8402.792	261.7327	0.8312317	7.422279
2394	-8121.984	-8383.094	261.11	0.7885071	7.778443
2400	-8124.783	-8385.582	260.7986	0.7733635	7.952777
2406	-8131.625	-8394.338	262.7121	0.8964995	6.86057
2412	-8130.502	-8393.281	262.7786	0.8859369	6.830405
2418	-8134.872	-8397.218	262.3464	0.8877976	7.062305
2424	-8129.619	-8391.965	262.3462	0.8879782	7.062305
2430	-8148.766	-8412.232	263.4665	0.9522867	6.422484
2436	-8142.868	-8405.769	262.901	0.8838972	6.765456
2442	-8142.331	-8404.954	262.6234	0.8457923	6.935754
2448	-8161.84	-8424.851	263.011	0.8031775	6.749661
2454	-8150.127	-8411.688	261.5609	0.8256517	7.517325
2460	-8147.361	-8408.543	261.1811	0.7547989	7.758422
2466	-8146.12	-8408.28	262.1595	0.8771627	7.16852
2472	-8135.052	-8398.187	263.1347	0.9004188	6.630278
2478	-8154.195	-8416.542	262.3465	0.9415121	7.033321
2484	-8143.624	-8405.84	262.2169	0.7609785	7.200129
2490	-8137.321	-8399.931	262.6107	0.7887877	6.97331
2496	-8143.974	-8405.71	261.7356	0.7922057	7.441665
2502	-8139.346	-8400.619	261.2734	0.795936	7.68709
2508	-8142.977	-8404.201	261.2239	0.8454118	7.68709
2514	-8131.476	-8394.449	262.9733	0.794981	6.774411
2520	-8126.978	-8390.633	263.6553	0.9347578	6.329574
2526	-8134.825	-8398.516	263.6908	0.899239	6.329574
2532	-8127.409	-8389.988	262.5794	0.8667499	6.948173
2538	-8126.646	-8389.328	262.6823	0.8944057	6.877807
2544	-8133.649	-8395.439	261.7897	0.8168915	7.399424
2550	-8126.445	-8389.173	262.7279	0.8504641	6.876875
2556	-8127.391	-8390.937	263.5458	0.9219912	6.395908
2562	-8134.406	-8397.945	263.539	0.9281082	6.396318
2568	-8137.644	-8399.716	262.0715	0.8575505	7.226351
2574	-8151.332	-8413.044	261.7126	0.7561138	7.473324
2580	-8138.64	-8398.752	260.1121	0.82253	8.292352
2586	-8144.392	-8406.655	262.2628	0.8540072	7.125455
2592	-8130.275	-8392.154	261.8793	0.7821431	7.369994
2598	-8129.339	-8391.731	262.3926	0.9050838	7.028138
2604	-8140.373	-8402.862	262.4896	0.9478233	6.952891
2610	-8136.434	-8398.961	262.5276	0.9097368	6.952891
2616	-8131.019	-8393.511	262.4919	0.9454494	6.952891
2622	-8126.499	-8388.98	262.481	0.8599504	7.004815
2628	-8127.108	-8390	262.8911	0.9226192	6.749904
2634	-8130.247	-8391.58	261.3332	0.8274841	7.638242
2640	-8130.18	-8392.772	262.5921	0.8582247	6.945922
2646	-8142.664	-8405.431	262.7672	0.8536663	6.853954
2652	-8139.836	-8402.582	262.7459	0.874967	6.853954
2658	-8140.967	-8404.164	263.1964	0.9066679	6.593486
2664	-8149.37	-8410.695	261.3247	0.8243402	7.644461
2670	-8135.39	-8396.767	261.3767	0.7723809	7.644461
2676	-8131.879	-8394.169	262.2897	0.9053863	7.083332
2682	-8123.183	-8386.127	262.9441	0.882522	6.742924
2688	-8135.376	-8398.708	263.3319	0.916264	6.514962
2694	-8141.641	-8403.591	261.9503	0.8550013	7.292793
2700	-8148.02	-8410.342	262.3221	0.9095568	7.063643
2706	-8151.31	-8411.798	260.488	0.8266905	8.089957
2712	-8148.937	-8410.814	261.8773	0.8402982	7.339838
2718	-8147.35	-8408.841	261.491	0.814523	7.560747
2724	-8137.864	-8399.629	261.7643	0.8902105	7.373696
2730	-8144.162	-8405.753	261.5911	0.8970797	7.462883
2736	-8144.285	-8406.65	262.3645	0.8088705	7.094987
2742	-8150.943	-8413.658	262.7151	0.8935678	6.860552
2748	-8154.225	-8417.282	263.0565	0.9712646	6.634215
2754	-8140.624	-8402.313	261.6891	0.83815	7.441931
2760	-8143.964	-8404.548	260.5834	0.8242928	8.040418
2766	-8133.444	-8395.273	261.8297	0.8159419	7.378446
2772	-8149.849	-8411.748	261.8988	0.8864099	7.303584
2778	-8147.216	-8407.924	260.7073	0.8061678	7.983978
2784	-8155.3	-8418.857	263.5567	0.9199371	6.391123
2790	-8154.847	-8417.069	262.2218	0.9199371	7.112002
2796	-8147.029	-8409.696	262.6674	0.9161195	6.874103
2802	-8137.503	-8399.205	261.7021	0.815941	7.446854
2808	-8136.995	-8398.65	261.6549	0.8071178	7.476892
2814	-8142.635	-8404.037	261.4022	0.8781101	7.574231
2820	-8137.723	-8400.269	262.546	0.9021396	6.947083
2826	-8130.914	-8390.965	260.0509	0.8096153	8.33178
2832	-8140.941	-8403.21	262.2692	0.899812	7.097366
2838	-8146.053	-8406.902	260.8483	0.7535873	7.936785
2844	-8151.451	-8412.938	261.4878	0.7895167	7.575813
2850	-8141.922	-8402.871	260.9487	0.8392387	7.837512
2856	-8133.29	-8395.691	262.4012	0.8798061	7.037102
2862	-8141.208	-8402.085	260.8779	0.9266583	7.828617
2868	-8142.666	-8404.418	261.7522	0.9266583	7.360627
2874	-8142.643	-8405.024	262.3804	0.8548929	7.061674
2880	-8139.849	-8402.253	262.4038	0.8315196	7.061674
2886	-8148.939	-8411.39	262.4502	0.8811282	7.009985
2892	-8140.469	-8402.636	262.1665	0.8350856	7.187354
2898	-8137.788	-8399.437	261.6494	0.856823	7.453192
2904	-8137.528	-8399.237	261.7082	0.840646	7.43038
2910	-8138.523	-8399.862	261.3391	0.7958206	7.652029
2916	-8142.51	-8404.449	261.9381	0.8041125	7.326657
2922	-8136.216	-8398.42	262.2043	0.8486989	7.159742
2928	-8145.505	-8407.217	261.7116	0.9131432	7.389677
2934	-8144.685	-8407.866	263.1812	0.9418469	6.58268
2940	-8145.079	-8408.761	263.6826	0.9108809	6.327731
2946	-8147.758	-8409.93	262.1724	0.9365189	7.129646
2952	-8154.824	-8414.12	259.296	0.7040946	8.788683
2958	-8146.823	-8406.507	259.6841	0.7040946	8.582756
2964	-8137.24	-8399.024	261.7847	0.8052624	7.408343
2970	-8130.149	-8391.616	261.4674	0.760818	7.602113
2976	-8119.418	-8380.88	261.4618	0.8823271	7.54004
2982	-8129.874	-8391.858	261.9832	0.8685908	7.267813
2988	-8127.406	-8389.098	261.6921	0.8558047	7.430845
2994	-8126.788	-8388.747	261.9588	0.8682046	7.281147
3000	-8133.841	-8396.496	262.6551	0.9119836	6.882971
3006	-8132.652	-8396.431	263.7783	0.9233706	6.268947
3012	-8129.767	-8391.667	261.9	0.8865223	7.302868
3018	-8143.008	-8405.661	262.653	0.8581087	6.913182
3024	-8144.26	-8406.739	262.479	0.8396499	7.016845
3030	-8139.112	-8400.607	261.4947	0.8506546	7.539387
3036	-8158.248	-8419.808	261.5598	0.7855478	7.539387
3042	-8145.967	-8406.809	260.8422	0.794841	7.918047
3048	-8151.873	-8412.729	260.8557	0.7813969	7.918047
3054	-8154.377	-8417.142	262.7651	0.8606619	6.85134
3060	-8151.555	-8412.604	261.049	0.8282685	7.789791
3066	-8134.318	-8396.739	262.4213	0.8723183	7.030303
3072	-8130.422	-8392.953	262.531	0.8393615	6.988973
3078	-8153.393	-8414.242	260.8484	0.9095881	7.853466
3084	-8147.48	-8408.977	261.4967	0.8633964	7.531495
3090	-8155.909	-8416.645	260.7352	0.7834972	7.981176
3096	-8142.814	-8404.437	261.6228	0.8604623	7.465537
3102	-8148.835	-8409.963	261.1284	0.8604623	7.730139
3108	-8154.549	-8416.683	262.134	0.8347093	7.205016
3114	-8153.647	-8416.145	262.4984	0.9032423	6.97212
3120	-8157.657	-8419.14	261.4826	0.8613773	7.54012
3126	-8137.623	-8399.261	261.6377	0.83015	7.473787
3132	-8132.82	-8395.066	262.246	0.8923578	7.113866
3138	-8139.977	-8403.209	263.2321	0.8923578	6.581947
3144	-8140.534	-8403.869	263.3346	0.9348385	6.503471
3150	-8149.396	-8412.378	262.9817	0.9784423	6.670801
3156	-8163.101	-8427.699	264.5979	0.9756148	5.793634
3162	-8150.631	-8412.812	262.1814	0.9192614	7.134117
3168	-8159.267	-8422.546	263.2791	0.9337052	6.534127
3174	-8155.534	-8418.833	263.2986	0.914182	6.534127
3180	-8151.956	-8413.793	261.8369	0.8451589	7.358945
3186	-8141.902	-8403.066	261.1639	0.8999223	7.690063
3192	-8146.817	-8410.169	263.3513	0.906813	6.509573
3198	-8147.414	-8409.625	262.2109	0.8463372	7.157439
3204	-8144.808	-8406.566	261.7584	0.8842412	7.380093
3210	-8136.082	-8396.531	260.4486	0.805296	8.122383
3216	-8145.672	-8406.405	260.7338	0.8414908	7.950994
3222	-8151.196	-8413.875	262.6796	0.9552845	6.846416
3228	-8139.659	-8400.929	261.2698	0.7826945	7.696117
3234	-8145.129	-8406.46	261.3309	0.7931534	7.657845
3240	-8147.524	-8411.084	263.5602	0.8916901	6.404544
3246	-8161.926	-8424.606	262.68	0.8733665	6.890363
3252	-8146.217	-8409.693	263.4763	0.8675118	6.463127
3258	-8144.922	-8408.503	263.5811	0.9563692	6.358155
3264	-8135.879	-8398.112	262.2331	0.8940704	7.119883
3270	-8136.487	-8397.679	261.1911	0.7531974	7.753929
3276	-8127.22	-8390.437	263.2175	0.8687027	6.602621
3282	-8134.139	-8395.762	261.6227	0.8533865	7.469361
3288	-8129.517	-8391.204	261.687	0.7890882	7.469361
3294	-8131.592	-8392.523	260.9306	0.8442164	7.844479
3300	-8136.265	-8398.304	262.0395	0.8137651	7.267052
3306	-8138.205	-8399.453	261.2482	0.7756421	7.711429
3312	-8126.758	-8388.855	262.0966	0.8132805	7.236613
3318	-8142.056	-8403.563	261.5076	0.8375238	7.539492
3324	-8147.768	-8410.557	262.7891	0.8658329	6.835579
3330	-8143.71	-8406.521	262.8109	0.8126152	6.85255
3336	-8137.741	-8400.492	262.7515	0.8720511	6.85255
3342	-8142.668	-8404.871	262.2034	0.8269436	7.171906
3348	-8139.609	-8400.745	261.1355	0.8646462	7.724089
3354	-8129.454	-8391.139	261.6858	0.8199234	7.4535
3360	-8124.034	-8387.295	263.2611	0.8935812	6.565581
3366	-8135.722	-8397.905	262.1824	0.8391478	7.176648
3372	-8139.323	-8401.223	261.8999	0.8674006	7.313212
3378	-8123.816	-8385.956	262.1394	0.8562535	7.190555
3384	-8138.786	-8400.911	262.1244	0.8712496	7.190555
3390	-8143.463	-8405.608	262.1449	1.009139	7.105429
3396	-8140.184	-8404.058	263.8736	0.8420291	6.261373
3402	-8146.597	-8411.064	264.4673	0.9700847	5.868063
3408	-8133.358	-8397.085	263.7261	0.8762356	6.322898
3414	-8135.848	-8398.054	262.2062	0.8225424	7.172761
3420	-8131.436	-8392.542	261.1066	0.8088023	7.769372
3426	-8140.022	-8400.861	260.8384	0.8296766	7.901474
3432	-8130.495	-8391.731	261.2367	0.7893029	7.710275
3438	-8131.674	-8392.928	261.2543	0.7716862	7.710275
3444	-8131.852	-8393.054	261.2017	0.824345	7.710275
3450	-8134.282	-8396.181	261.898	0.8455012	7.325939
3456	-8131.79	-8394.23	262.4399	0.9114587	6.999218
3462	-8139.523	-8403.108	263.5845	0.8915744	6.391462
3468	-8136.728	-8398.68	261.9522	0.7925699	7.325276
3474	-8131.316	-8394.109	262.7922	0.8542561	6.840191
3480	-8126.479	-8389.074	262.5943	0.8453487	6.951685
3486	-8139.365	-8403.315	263.9508	0.8857553	6.195658
3492	-8134.889	-8398.913	264.024	1.02787	6.078415
3498	-8134.952	-8397.017	262.0646	0.806379	7.257552
3504	-8141.879	-8402.762	260.8835	0.8010121	7.892727
3510	-8129.394	-8391.116	261.7226	0.7739193	7.458389
3516	-8128.301	-8391.637	263.336	0.9840346	6.476022
3522	-8124.924	-8387.613	262.6889	0.8692911	6.887802
3528	-8116.61	-8379.332	262.7224	0.835775	6.887802
3534	-8133.241	-8396.756	263.5151	0.9588813	6.392582
3540	-8140.497	-8404.728	264.2315	0.9007621	6.034638
3546	-8149.026	-8413.547	264.5204	1.044844	5.798128
3552	-8140.912	-8403.409	262.4969	0.8799029	6.985493
3558	-8149.064	-8409.659	260.5954	0.8655165	8.012013
3564	-8145.73	-8406.257	260.5268	0.7416631	8.11458
3570	-8163.358	-8423.105	259.7468	0.8023221	8.497311
3576	-8153.415	-8413.785	260.3705	0.7797757	8.177536
3582	-8148.085	-8410.34	262.2553	0.8950422	7.107415
3588	-8143.566	-8405.696	262.1296	0.8851458	7.180276
3594	-8150.119	-8411.733	261.6143	0.803412	7.500612
3600	-8134.654	-8395.303	260.649	0.7968086	8.020082
3606	-8142.088	-8403.251	261.1631	0.7927812	7.747734
3612	-8137.575	-8399.745	262.1704	0.8845042	7.158707
3618	-8126.517	-8389.277	262.7597	0.8286366	6.871515
3624	-8131.937	-8393.737	261.8007	0.8532237	7.374018
3630	-8138.373	-8399.079	260.7063	0.8314883	7.971024
3636	-8148.708	-8410.908	262.2001	0.8606514	7.155589
3642	-8142.806	-8405.754	262.9489	0.9695582	6.693328
3648	-8138.08	-8400.596	262.5168	0.8122971	7.011228
3654	-8128.583	-8390.229	261.6463	0.8178969	7.475739
3660	-8129.922	-8391.51	261.5886	0.8755994	7.475739
3666	-8136.098	-8399.385	263.287	0.9795084	6.505049
3672	-8138.868	-8401.218	262.3497	0.9202098	7.043041
3678	-8132.86	-8394.965	262.1049	0.8925332	7.189574
3684	-8139.967	-8399.972	260.0052	0.8297418	8.345401
3690	-8141.525	-8402.155	260.6304	0.8171286	8.019173
3696	-8142.489	-8402.944	260.4557	0.7244991	8.161619
3702	-8136.562	-8398.004	261.4418	0.868777	7.558028
3708	-8120.408	-8382.561	262.1536	0.7921718	7.217376
3714	-8130.544	-8391.486	260.9417	0.842843	7.839295
3720	-8139.233	-8401.027	261.7942	0.8456765	7.381549
3726	-8146.054	-8407.948	261.8936	0.7918589	7.357121
3732	-8137.662	-8399.806	262.1433	0.8526093	7.190424
3738	-8141.964	-8403.315	261.3514	0.7792845	7.654268
3744	-8140.593	-8401.875	261.2826	0.8013463	7.679281
3750	-8149.559	-8411.218	261.6592	0.8784526	7.436344
3756	-8140.909	-8402.974	262.0652	0.8331656	7.242798
3762	-8134.417	-8395.311	260.8938	0.8551639	7.858298
3768	-8131.593	-8392.553	260.9595	0.7895198	7.858298
3774	-8125.822	-8387.703	261.8813	0.8357286	7.340186
3780	-8125.516	-8387.394	261.8778	0.8392062	7.340186
3786	-8130.683	-8392.109	261.4261	0.8388236	7.582469
3792	-8133.331	-8396.081	262.7499	0.8308119	6.875623
3798	-8130.684	-8393.817	263.1327	0.9081701	6.627165
3804	-8137.822	-8400.617	262.7948	0.9060247	6.810826
3810	-8138.385	-8401.814	263.4292	0.9150855	6.46292
3816	-8130.114	-8391.438	261.3243	0.8906579	7.609217
3822	-8132.728	-8394.986	262.2574	0.8300145	7.141251
3828	-8138.059	-8400.848	262.7889	0.859126	6.839312
3834	-8129.933	-8391.722	261.7896	0.8289383	7.392974
3840	-8129.258	-8391.048	261.7896	0.8289383	7.392974
3846	-8140.011	-8401.665	261.6546	0.859629	7.448936
3852	-8142.498	-8403.897	261.3989	0.8401858	7.596303
3858	-8143.171	-8405.402	262.231	0.879191	7.129006
3864	-8139.971	-8402.101	262.1299	0.7844589	7.234226
3870	-8146.907	-8410.296	263.3887	0.899055	6.493542
3876	-8151.38	-8412.299	260.9193	0.7630364	7.89388
3882	-8132.731	-8394.04	261.3087	0.7945116	7.668993
3888	-8132.613	-8393.451	260.838	0.7584679	7.939707
3894	-8135.828	-8396.963	261.1345	0.7228322	7.800422
3900	-8148.364	-8409.286	260.9214	0.8176346	7.863614
3906	-8155.626	-8415.774	260.1486	0.803076	8.283264
3912	-8160.164	-8423.545	263.381	0.9367875	6.477231
3918	-8157.027	-8420.449	263.4219	0.9426221	6.451911
3924	-8150.603	-8413.009	262.4055	0.8324312	7.060301
3930	-8145.594	-8406.031	260.4366	0.8220217	8.119866
3936	-8155.968	-8416.663	260.6947	0.792302	7.998125
3942	-8160.004	-8422.564	262.5598	0.9642644	6.90618
3948	-8148.184	-8411.151	262.9663	0.9857973	6.675141
3954	-8152.255	-8415.371	263.1157	0.881989	6.650518
3960	-8167.994	-8430.416	262.4217	0.8516415	7.041221
3966	-8166.843	-8429.985	263.1425	0.847568	6.65463
3972	-8146.465	-8407.329	260.8643	0.8120952	7.897071
3978	-8163.556	-8425.012	261.456	0.8212121	7.575864
3984	-8141.88	-8403.973	262.0923	0.8253672	7.232433
3990	-8130.309	-8393.019	262.7094	0.9148876	6.852135
3996	-8136.387	-8399.149	262.7623	0.8816595	6.841519
4002	-8132.084	-8394.495	262.4111	0.8107308	7.068941
4008	-8125.675	-8387.683	262.0081	0.8128459	7.284418
4014	-8130.701	-8392.668	261.9673	0.8254592	7.299502
4020	-8135.54	-8397.189	261.6487	0.8746186	7.444069
4026	-8143.27	-8405.482	262.2124	0.8746186	7.14146
4032	-8138.552	-8400.932	262.3798	0.9454368	7.013265
4038	-8148.122	-8409.585	261.4637	0.9288829	7.514114
4044	-8136.46	-8398.979	262.5194	0.8724745	6.977382
4050	-8126.689	-8389.218	262.5296	0.8843404	6.965536
4056	-8131.503	-8392.082	260.5784	0.7942294	8.059062
4062	-8139.734	-8402.217	262.4831	0.8156177	7.027566
4068	-8141.243	-8404.259	263.0158	0.8958132	6.696998
4074	-8141.277	-8404.265	262.9883	0.9233827	6.696998
4080	-8135.949	-8398.286	262.3373	0.8602022	7.082049
4086	-8134.144	-8396.309	262.1652	0.8699811	7.169313
4092	-8133.724	-8393.129	259.4044	0.8397049	8.659285
4098	-8129.785	-8393.992	264.2065	0.9336415	6.030356
4104	-8146.688	-8409.84	263.1518	0.9499212	6.594229
4110	-8145.82	-8405.771	259.9502	0.7094006	8.438599
4116	-8148.476	-8410.029	261.5532	0.8835621	7.490415
4122	-8152.412	-8412.977	260.5646	0.8461624	8.038735
4128	-8140.27	-8401.779	261.5091	0.8115851	7.552598
4134	-8126.679	-8388.46	261.7811	0.8551889	7.38346
4140	-8131.175	-8393.455	262.2801	0.788004	7.151635
4146	-8142.253	-8404.211	261.958	0.8556487	7.288327
4152	-8133.477	-8395.487	262.01	0.904921	7.233932
4158	-8139.295	-8400.132	260.8365	0.7825201	7.927644
4164	-8155.81	-8416.68	260.8699	0.7449454	7.929884
4170	-8149.688	-8411.098	261.4097	0.822593	7.599902
4176	-8155.64	-8418.48	262.8404	0.9181006	6.779735
4182	-8157.193	-8420.882	263.6881	1.002855	6.274788
4188	-8148.806	-8410.647	261.8413	0.822251	7.368857
4194	-8148.596	-8410.396	261.7998	0.8294689	7.387254
4200	-8137.005	-8399.439	262.434	0.8543947	7.033101
4206	-8144.814	-8407.76	262.9458	0.8984463	6.733393
4212	-8131.436	-8395.384	263.9473	0.9197526	6.179076
4218	-8130.681	-8394.604	263.9226	0.9444396	6.179076
4224	-8129.547	-8393.171	263.6244	0.9177708	6.355567
4230	-8134.937	-8395.38	260.4434	0.8185611	8.118061
4236	-8147.163	-8406.816	259.6538	0.7105062	8.595483
4242	-8148.229	-8407.812	259.5829	0.7260446	8.624838
4248	-8146.986	-8408.532	261.5459	0.78743	7.545805
4254	-8161.171	-8422.705	261.5339	0.7830445	7.554583
4260	-8145.243	-8406.325	261.0818	0.7884601	7.793523
4266	-8142.739	-8404.146	261.4067	0.8159567	7.605086
4272	-8138.263	-8399.866	261.6024	0.8530933	7.480396
4278	-8144.66	-8406.281	261.6204	0.7946904	7.502044
4284	-8131.855	-8394.557	262.7015	0.8924775	6.868492
4290	-8140.796	-8402.751	261.9546	0.7796774	7.330885
4296	-8124.671	-8387.226	262.5545	0.8539231	6.968509
4302	-8126.097	-8387.999	261.9015	0.8143051	7.340846
4308	-8130.348	-8392.199	261.8508	0.8649797	7.340846
4314	-8129.393	-8392.692	263.2997	0.8134537	6.588052
4320	-8134.814	-8397.97	263.1565	0.8545593	6.643259
4326	-8136.999	-8398.629	261.6299	0.8642352	7.459663
4332	-8138.37	-8401.6	263.2304	0.8713195	6.594252
4338	-8143.695	-8406.468	262.7731	0.8633317	6.845601
4344	-8141.003	-8403.344	262.3406	0.8782357	7.070574
4350	-8133.816	-8395.99	262.1736	0.9250316	7.135219
4356	-8138.461	-8399.752	261.2914	0.8157144	7.666891
4362	-8131.559	-8393.498	261.9388	0.8719933	7.289826
4368	-8130.412	-8392.343	261.9315	0.8719933	7.293761
4374	-8123.059	-8384.902	261.8425	0.8865096	7.333727
4380	-8161.619	-8423.364	261.7452	0.9383708	7.358134
4386	-8160.616	-8419.818	259.2012	0.7773871	8.800111
4392	-8154.342	-8415.924	261.582	0.8219357	7.508021
4398	-8158.335	-8420.923	262.5875	0.9260477	6.911857
4404	-8146.546	-8407.782	261.2355	0.7935481	7.708661
4410	-8145.527	-8408.658	263.1306	0.8646549	6.651811
4416	-8144.393	-8405.602	261.2092	0.8635124	7.68528
4422	-8159.667	-8421.826	262.1597	0.7829813	7.219032
4428	-8162.886	-8422.669	259.7822	0.7423332	8.510375
4434	-8160.016	-8420.333	260.3169	0.7628056	8.215111
4440	-8159.309	-8420.982	261.6729	0.7883248	7.477306
4446	-8140.108	-8400.637	260.5283	0.7960751	8.084778
4452	-8153.719	-8414.229	260.5103	0.7251262	8.132178
4458	-8153.641	-8415.261	261.6194	0.7824495	7.509146
4464	-8147.846	-8409.452	261.6061	0.8088023	7.50212
4470	-8135.16	-8396.335	261.1746	0.8457606	7.713292
4476	-8135.674	-8396.865	261.1907	0.796315	7.731108
4482	-8151.728	-8414.021	262.2935	0.8039505	7.135823
4488	-8147.371	-8409.714	262.3437	0.8820169	7.066831
4494	-8140.46	-8401.846	261.386	0.8231696	7.61228
4500	-8144.676	-8405.881	261.205	0.8425164	7.69877
4506	-8141.219	-8404.361	263.1424	0.848488	6.654203
4512	-8136.519	-8397.422	260.903	0.8439327	7.859362
4518	-8135.165	-8396.313	261.1478	0.8017674	7.751159
4524	-8146.692	-8410.626	263.9343	0.9340656	6.178316
4530	-8139.767	-8403.224	263.4566	0.9747309	6.415713
4536	-8149.648	-8411.9	262.2521	1.011812	7.046271
4542	-8133.016	-8394.623	261.6077	0.9778543	7.41067
4548	-8129.982	-8392.552	262.5699	0.9778543	6.893426
4554	-8137.567	-8401.303	263.7361	0.9680662	6.267609
4560	-8141.764	-8405.882	264.1177	0.9293042	6.081087
4566	-8136.891	-8400.795	263.9041	0.8900084	6.218707
4572	-8139.581	-8403.422	263.8414	0.9713542	6.208603
4578	-8152.356	-8415.33	262.9735	0.9020498	6.716512
4584	-8134.88	-8396.971	262.0908	0.8516073	7.219143
4590	-8132.723	-8395.977	263.2544	0.8788798	6.577144
4596	-8133.938	-8396.988	263.0506	1.033624	6.603691
4602	-8121.909	-8384.047	262.1377	0.8556604	7.191811
4608	-8124.585	-8386.635	262.05	0.8629171	7.235001
4614	-8128.495	-8390.858	262.3631	0.8826513	7.056088
4620	-8141.257	-8403.608	262.3509	0.894847	7.056088
4626	-8140.436	-8403.634	263.1977	0.9555793	6.566359
4632	-8147.561	-8409.072	261.5104	0.8051384	7.55537
4638	-8142.619	-8405.354	262.7347	0.8666526	6.86448
4644	-8144.222	-8405.29	261.0676	0.8606724	7.762494
4650	-8146.747	-8408.934	262.1868	0.8961841	7.143628
4656	-8154.4	-8416.653	262.2531	0.8298471	7.143628
4662	-8139.196	-8401.274	262.0779	0.8297477	7.237817
4668	-8136.974	-8399.05	262.0767	0.7986652	7.255179
4674	-8133.447	-8394.892	261.4446	0.7770837	7.605602
4680	-8130.234	-8393.358	263.1242	0.8829535	6.645372
4686	-8131.407	-8394.5	263.0928	0.8886378	6.65929
4692	-8139.382	-8400.544	261.1615	0.8550599	7.715301
4698	-8139.961	-8401.185	261.2241	0.792527	7.715301
4704	-8141.091	-8403.593	262.5017	0.8747195	6.985717
4710	-8143.31	-8406.017	262.7066	0.917842	6.85207
4716	-8129.681	-8392.398	262.7166	0.8941553	6.859423
4722	-8141.577	-8403.453	261.8763	0.8073211	7.358072
4728	-8121.594	-8384.78	263.186	0.8962115	6.604795
4734	-8129.472	-8390.248	260.7764	0.7893607	7.956081
4740	-8134.633	-8395.452	260.8184	0.7473655	7.956081
4746	-8123.958	-8385.384	261.4262	0.8251254	7.589744
4752	-8139.253	-8400.52	261.2674	0.7381748	7.721202
4758	-8142.933	-8404.061	261.1281	0.854134	7.733657
4764	-8143.978	-8405.821	261.8437	0.9090463	7.321018
4770	-8154.007	-8416.617	262.6104	0.9655482	6.878191
4776	-8148.597	-8411.688	263.0909	0.9341663	6.635682
4782	-8170.545	-8431.864	261.3182	0.727532	7.69972
4788	-8163.104	-8425.797	262.6923	0.8722839	6.884319
4794	-8155.142	-8416.658	261.5164	0.8532023	7.526394
4800	-8153.737	-8416.339	262.6015	0.9569772	6.887634
4806	-8126.187	-8389.226	263.0388	0.8496667	6.709513
4812	-8134.472	-8398.303	263.8309	0.9063161	6.249642
4818	-8152.409	-8416.695	264.2859	0.9578283	5.973829
4824	-8154.091	-8416.814	262.7236	0.9828428	6.807793
4830	-8149.583	-8411.494	261.9108	0.8315373	7.326587
4836	-8132.548	-8394.77	262.2221	0.854979	7.146788
4842	-8135.944	-8397.804	261.8596	0.8144201	7.363233
4848	-8149.236	-8409.971	260.7354	0.854582	7.943149
4854	-8128.619	-8389.189	260.5702	0.825656	8.046725
4860	-8133.683	-8395.385	261.7021	0.7488882	7.482802
4866	-8148.565	-8410.203	261.6375	0.8134777	7.482802
4872	-8139.275	-8399.207	259.9321	0.7895351	8.405651
4878	-8152.854	-8414.273	261.4194	0.8773285	7.565428
4884	-8154.055	-8416.618	262.5635	0.7860139	7.000193
4890	-8145.071	-8405.835	260.7643	0.7860139	7.964327
4896	-8150.234	-8411.305	261.0705	0.8371665	7.773508
4902	-8139.489	-8401.284	261.7948	0.7906036	7.410787
4908	-8143.554	-8405.256	261.7018	0.8835284	7.410787
4914	-8138.623	-8401.661	263.0378	0.9036354	6.68089
4920	-8137.814	-8399.311	261.4971	0.7853475	7.573076
4926	-8130.81	-8392.265	261.4542	0.7844678	7.596526
4932	-8130.2	-8391.645	261.4445	0.7941722	7.596526
4938	-8127.848	-8389.516	261.6681	0.7234658	7.514631
4944	-8149.747	-8413.713	263.9663	0.9145816	6.171519
4950	-8146.869	-8406.971	260.1022	0.7631094	8.329233
4956	-8145.697	-8406.762	261.065	0.8134908	7.789131
4962	-8128.053	-8388.776	260.7228	0.8092794	7.974061
4968	-8138.912	-8399.684	260.7724	0.7597041	7.974061
4974	-8143.968	-8405.128	261.1599	0.899291	7.692523
4980	-8135.37	-8397.2	261.83	0.8398702	7.365448
4986	-8140.273	-8402.231	261.9578	0.8353298	7.299311
4992	-8143.69	-8404.519	260.8285	0.7409053	7.954157
4998	-8140.47	-8401.714	261.2438	0.7924067	7.7048
5004	-8126.006	-8388.034	262.0278	0.8788417	7.238377
5010	-8139.205	-8400.777	261.5726	0.8172376	7.515558
5016	-8144.718	-8405.265	260.5469	0.7685614	8.089548
5022	-8139.834	-8401.019	261.1843	0.7714687	7.747799
5028	-8136.576	-8399.084	262.5081	0.890942	6.973546
5034	-8147.034	-8407.299	260.2651	0.8078091	8.218769
5040	-8142.487	-8403.213	260.7258	0.7900776	7.982702
5046	-8149.857	-8411.669	261.812	0.8090823	7.39164
5052	-8145.258	-8407.372	262.1135	0.8277246	7.219807
5058	-8152.132	-8413.482	261.3501	0.8645717	7.609355
5064	-8139.026	-8401.571	262.5443	0.8950873	6.951796
5070	-8143.591	-8404.775	261.1848	0.8167674	7.72335
5076	-8135.903	-8397.562	261.659	0.8002609	7.478386
5082	-8142.837	-8405.279	262.4423	0.8020082	7.056849
5088	-8145.112	-8406.988	261.8758	0.8020082	7.361219
5094	-8140.355	-8403.321	262.9669	0.8435281	6.751685
5100	-8142.232	-8405.124	262.8923	0.9288962	6.745859
5106	-8139.994	-8401.498	261.5033	0.8438097	7.538432
5112	-8124.859	-8387.728	262.8687	0.9311663	6.757363
5118	-8137.897	-8401.445	263.5482	0.8898875	6.41204
5124	-8141.826	-8405.897	264.0708	0.9740655	6.082232
5130	-8143.953	-8406.775	262.8224	0.9346884	6.780469
5136	-8143.083	-8404.194	261.1113	0.9007495	7.717756
5142	-8128.978	-8390.544	261.5656	0.8470805	7.503325
5148	-8139.604	-8402.958	263.3544	0.8772624	6.523904
5154	-8149.136	-8410.617	261.4808	0.8509911	7.546658
5160	-8138.096	-8400.41	262.3143	0.8807291	7.083378
5166	-8126.568	-8388.836	262.2681	0.9268735	7.083378
5172	-8123.998	-8386.344	262.3458	0.8491805	7.083378
5178	-8140.632	-8401.597	260.9656	0.8361569	7.830125
5184	-8145.013	-8407.346	262.3336	0.8937584	7.065989
5190	-8142.408	-8404.417	262.0097	0.8479866	7.264679
5196	-8139.027	-8400.373	261.3467	0.8796732	7.603068
5202	-8143.161	-8404.602	261.4415	0.8276677	7.580161
5208	-8155.097	-8416.851	261.7541	0.8187661	7.41751
5214	-8157.303	-8417.19	259.8866	0.7544073	8.448476
5220	-8138.594	-8400.367	261.7727	0.8731781	7.378319
5226	-8141.509	-8403.342	261.8332	0.7823973	7.394558
5232	-8143.903	-8406.002	262.0986	0.8081781	7.238317
5238	-8144.008	-8406.465	262.4573	0.9225017	6.983914
5244	-8151.889	-8414.035	262.146	0.8949064	7.166261
5250	-8145.19	-8409.141	263.9515	0.9576294	6.156165
5256	-8144.888	-8408.358	263.4703	0.8837664	6.457577
5262	-8150.76	-8413.243	262.4836	0.8190993	7.025405
5268	-8141.916	-8403.639	261.7224	0.8685542	7.40777
5274	-8144.171	-8406.455	262.284	0.8369745	7.123168
5280	-8139.724	-8401.729	262.0057	0.8493543	7.266059
5286	-8150.459	-8412.453	261.9949	0.8602287	7.266059
5292	-8151.459	-8413.48	262.0208	0.7937464	7.287828
5298	-8148.711	-8410.929	262.2173	0.8432724	7.155672
5304	-8151.143	-8412.431	261.2888	0.8486548	7.650683
5310	-8148.616	-8409.978	261.3621	0.7753265	7.650683
5316	-8158.398	-8419.8	261.4027	0.8610942	7.583069
5322	-8146.393	-8409.391	262.9975	1.005842	6.647446
5328	-8137.392	-8400.546	263.1545	0.955576	6.589708
5334	-8136.065	-8398.893	262.8284	0.8690925	6.812629
5340	-8148.813	-8411.007	262.1945	0.9542142	7.108248
5346	-8141.87	-8403.093	261.2236	0.8803432	7.66862
5352	-8151.187	-8412.023	260.8357	0.8298142	7.902853
5358	-8149.924	-8410.691	260.7675	0.8979667	7.902853
5364	-8143.999	-8406.988	262.9892	0.8766091	6.721764
5370	-8150.27	-8410.619	260.3487	0.7435728	8.208446
5376	-8140.73	-8401.008	260.2781	0.814127	8.208446
5382	-8145.843	-8408.061	262.2177	0.8322827	7.161348
5388	-8156.902	-8419.039	262.1362	0.8882535	7.175088
5394	-8150.093	-8410.779	260.6862	0.7865468	8.005718
5400	-8148.196	-8410.986	262.7895	0.9324469	6.799456
5406	-8157.952	-8420.664	262.712	1.009886	6.799456
5412	-8137.554	-8400.948	263.3943	1.012163	6.429184
5418	-8134.958	-8399.001	264.0426	0.9579348	6.106403
5424	-8134.152	-8397.937	263.7849	0.93159	6.260899
5430	-8129.33	-8392.786	263.4564	0.9730954	6.416724
5436	-8143.14	-8406.166	263.0267	0.8719829	6.704012
5442	-8140.262	-8402.566	262.3045	0.960394	7.045752
5448	-8160.364	-8422.173	261.8091	0.8512978	7.370572
5454	-8143.2	-8404.522	261.3223	0.7727492	7.673362
5460	-8139.054	-8401.053	261.9994	0.7795847	7.306942
5466	-8142.765	-8406.564	263.7993	0.9210901	6.258805
5472	-8132.694	-8396.72	264.0254	0.9382943	6.126482
5478	-8141.154	-8404.804	263.6499	0.9487349	6.324905
5484	-8144.319	-8407.146	262.8266	0.8585877	6.819296
5490	-8138.167	-8400.661	262.4934	0.7791562	7.04165
5496	-8162.136	-8424.308	262.1729	0.8654392	7.167617
5502	-8151.849	-8413.954	262.105	0.8869299	7.192568
5508	-8151.942	-8413.681	261.7383	0.8591136	7.4043
5514	-8154.952	-8417.878	262.9267	0.8716488	6.758194
5520	-8143.563	-8405.543	261.9806	0.8015458	7.305228
5526	-8146.349	-8408.311	261.9627	0.8194771	7.305228
5532	-8149.193	-8409.514	260.3211	0.8093984	8.188096
5538	-8150.062	-8411.561	261.4984	0.8587772	7.533044
5544	-8145.328	-8406.804	261.4761	0.8810632	7.533044
5550	-8158.779	-8419.867	261.0882	0.7616123	7.804447
5556	-8149.991	-8411.327	261.3359	0.8082511	7.64707
5562	-8137.055	-8397.822	260.7674	0.8051543	7.952471
5568	-8138.231	-8399.644	261.4128	0.8719326	7.571845
5574	-8134.751	-8395.167	260.4166	0.8311379	8.125642
5580	-8139.636	-8400.907	261.271	0.7451827	7.715522
5586	-8128.198	-8390.062	261.864	0.7994401	7.368914
5592	-8144.317	-8406.87	262.5533	0.8354172	6.979122
5598	-8133.689	-8396.027	262.3382	0.8394518	7.09273
5604	-8140.203	-8403.2	262.9972	0.8804213	6.715394
5610	-8148.143	-8411.493	263.3498	0.8747396	6.52777
5616	-8125.404	-8387.752	262.3488	0.8382877	7.087641
5622	-8128.796	-8391.883	263.0869	0.9530376	6.627633
5628	-8148.465	-8410.402	261.9361	0.9125513	7.269518
5634	-8148.841	-8411.944	263.1036	0.8794552	6.658398
5640	-8149.969	-8412.682	262.713	0.9024418	6.856885
5646	-8160.408	-8422.463	262.0546	0.923268	7.200095
5652	-8146.849	-8409.781	262.9316	0.8296301	6.77822
5658	-8161.054	-8424.653	263.5997	0.913148	6.371508
5664	-8146.563	-8409.883	263.3204	0.8776425	6.542113
5670	-8146.791	-8410.284	263.4932	0.9285658	6.420916
5676	-8145.332	-8409.815	264.4831	0.9601197	5.864871
5682	-8138.505	-8398.121	259.6162	0.8005859	8.567575
5688	-8146.361	-8407.756	261.3946	0.7707172	7.635762
5694	-8145.966	-8406.776	260.8108	0.8500216	7.905377
5700	-8158.505	-8419.05	260.5459	0.7593017	8.095025
5706	-8136.491	-8398.537	262.0465	0.8278478	7.255721
5712	-8133.721	-8396.03	262.3083	0.8595777	7.097989
5718	-8124.825	-8387.11	262.2852	0.9042443	7.086339
5724	-8126.326	-8388.244	261.9187	0.9180321	7.275937
5730	-8131.216	-8392.818	261.602	0.8263626	7.494942
5736	-8146.657	-8408.406	261.7485	0.8117344	7.424277
5742	-8144.027	-8406.486	262.459	0.9439911	6.971422
5748	-8139.476	-8401.154	261.6785	0.7718165	7.483175
5754	-8153.835	-8416.212	262.3772	0.8816583	7.049029
5760	-8152.679	-8414.197	261.519	0.8013694	7.552785
5766	-8138.936	-8402.032	263.0959	0.8946005	6.654366
5772	-8130.014	-8391.557	261.5426	0.8184297	7.531017
5778	-8131.77	-8394.289	262.5191	0.8184297	7.006644
5784	-8148.281	-8410.056	261.7756	0.8890272	7.368294
5790	-8144.132	-8405.928	261.7968	0.8677934	7.368294
5796	-8133.383	-8396.66	263.2771	0.8709189	6.56917
5802	-8147.503	-8409.223	261.7203	0.8040569	7.443503
5808	-8135.378	-8396.993	261.6149	0.8094602	7.497071
5814	-8145.109	-8407.979	262.8702	0.8918921	6.777766
5820	-8130.569	-8391.984	261.4153	0.7690303	7.62561
5826	-8132.409	-8393.793	261.3838	0.8004903	7.62561
5832	-8135.886	-8398.291	262.4051	0.8504563	7.050791
5838	-8138.554	-8400.372	261.8181	0.815376	7.384978
5844	-8134.678	-8395.584	260.9054	0.8070038	7.877821
5850	-8140.886	-8402.827	261.9408	0.7898459	7.332858
5856	-8142.384	-8404.272	261.8885	0.8421813	7.332858
5862	-8133.311	-8394.601	261.2903	0.7283669	7.714213
5868	-8137.152	-8398.007	260.8552	0.7928567	7.91218
5874	-8143.988	-8406.137	262.1493	0.9009663	7.161199
5880	-8149.897	-8412.944	263.047	0.905482	6.67492
5886	-8142.778	-8405.354	262.5759	0.8558807	6.955878
5892	-8152.014	-8411.594	259.5799	0.7956683	8.589496
5898	-8133.894	-8395.577	261.6831	0.7983723	7.46649
5904	-8149.615	-8409.988	260.372	0.8314815	8.149215
5910	-8143.21	-8405.047	261.8364	0.7791744	7.394593
5916	-8133.606	-8394.713	261.1078	0.7460054	7.802307
5922	-8135.716	-8396.217	260.5009	0.8160437	8.088739
5928	-8133.754	-8395.698	261.9437	0.8711749	7.287669
5934	-8156.301	-8415.834	259.5339	0.8533583	8.583304
5940	-8149.387	-8411.304	261.9168	0.7598628	7.361837
5946	-8146.124	-8407.315	261.191	0.7419501	7.76003
5952	-8153.583	-8419.084	265.5017	0.9832807	5.292669
5958	-8145.447	-8410.237	264.7894	0.9726391	5.690393
5964	-8132.57	-8393.283	260.7134	0.7478456	8.011849
5970	-8136.497	-8397.709	261.2124	0.79773	7.718753
5976	-8139.068	-8401.146	262.0778	0.8250189	7.240431
5982	-8131.86	-8393.098	261.2379	0.8019425	7.702866
5988	-8132.411	-8394.574	262.1636	0.816893	7.198697
5994	-8138.718	-8400.883	262.1652	0.815272	7.198697
6000	-8147.341	-8409.77	262.4288	0.893013	7.015113
6006	-8161.867	-8423.599	261.7321	0.8038344	7.437289
6012	-8139.667	-8400.343	260.6762	0.8340734	7.985679
6018	-8137.122	-8398.415	261.293	0.8387159	7.653721
6024	-8144.857	-8406.325	261.4682	0.8807135	7.537472
6030	-8140.312	-8400.892	260.5803	0.8479547	8.029445
6036	-8135.483	-8398.085	262.602	0.8582516	6.940558
6042	-8143.466	-8407.622	264.1557	0.9673493	6.039654
6048	-8134.311	-8398.432	264.1207	0.9488242	6.068817
6054	-8136.021	-8399.078	263.057	0.8494588	6.699789
6060	-8136.949	-8399.768	262.8196	0.8793246	6.811859
6066	-8140.083	-8401.364	261.2808	0.7365049	7.714942
6072	-8136.091	-8398.085	261.9937	0.8498813	7.272226
6078	-8150.816	-8413.415	262.5991	0.865098	6.938453
6084	-8151.092	-8412.688	261.596	0.8212371	7.500894
6090	-8149.326	-8412.244	262.9182	0.8865372	6.754738
6096	-8146.472	-8408.238	261.7655	0.7999942	7.421421
6102	-8140.354	-8402.367	262.0127	0.8737293	7.249235
6108	-8140.844	-8403.073	262.2296	0.8408442	7.150332
6114	-8140.154	-8402.712	262.5577	0.8791974	6.953124
6120	-8156.077	-8418.121	262.044	0.8011023	7.271409
6126	-8158.49	-8421.598	263.1081	0.88108	6.655101
6132	-8161.958	-8424.165	262.2065	0.7658973	7.203071
6138	-8140.286	-8401.688	261.4022	0.8392927	7.595007
6144	-8139.444	-8400.716	261.2723	0.8144836	7.677764
6150	-8142.498	-8404.692	262.1936	0.8667566	7.155789
6156	-8156.244	-8418.062	261.8174	0.8061173	7.390339
6162	-8150.269	-8412.097	261.8286	0.8400127	7.36616
6168	-8140.062	-8403.693	263.6317	0.8589578	6.383542
6174	-8149.237	-8410.616	261.3786	0.87588	7.588024
6180	-8142.796	-8404.633	261.8366	0.798548	7.38408
6186	-8151.51	-8413.669	262.1587	0.868398	7.173662
6192	-8142.5	-8403.699	261.1993	0.7852447	7.732427
6198	-8142.54	-8404.715	262.1745	0.8138218	7.194516
6204	-8149.218	-8411.902	262.6839	0.8828066	6.883189
6210	-8139.954	-8402.022	262.068	0.8779371	7.217276
6216	-8141.346	-8402.382	261.0359	0.8624924	7.778498
6222	-8137.901	-8400.305	262.404	0.852616	7.050201
6228	-8150.492	-8412.865	262.373	0.8836971	7.050201
6234	-8166.366	-8427.646	261.2794	0.9360706	7.608916
6240	-8156.573	-8417.716	261.1427	0.8695891	7.717622
6246	-8139.938	-8404.68	264.7421	0.9133836	5.748735
6252	-8139.054	-8403.194	264.1404	0.996246	6.032248
6258	-8137.391	-8400.504	263.1137	0.9526965	6.613348
6264	-8139.476	-8403.056	263.5804	0.8585563	6.411557
6270	-8138.47	-8401.608	263.1378	0.8770215	6.641239
6276	-8138.943	-8402.013	263.0693	0.9368408	6.645951
6282	-8135.022	-8397.657	262.6353	0.8777012	6.912148
6288	-8136.052	-8398.876	262.8235	0.8761568	6.811469
6294	-8141.628	-8404.668	263.0404	0.8377704	6.715099
6300	-8132.583	-8393.347	260.7639	0.7979855	7.958169
6306	-8130.132	-8392.54	262.4084	0.8706577	7.03813
6312	-8138.62	-8401.087	262.4666	0.8124935	7.03813
6318	-8144.455	-8406.904	262.4488	0.883656	7.009403
6324	-8146.93	-8409.358	262.4284	0.9040098	7.009403
6330	-8151.244	-8414.118	262.874	0.8839394	6.780031
6336	-8150.426	-8411.18	260.7537	0.8575916	7.931814
6342	-8130.125	-8390.943	260.8186	0.7926334	7.931814
6348	-8136.47	-8397.764	261.2933	0.7918428	7.678661
6354	-8143.941	-8405.22	261.2798	0.8052714	7.678661
6360	-8125.093	-8388.532	263.4387	0.8488007	6.493667
6366	-8144.933	-8407.199	262.2656	0.870257	7.115173
6372	-8147.253	-8409.67	262.417	0.8906259	7.022743
6378	-8146.73	-8408.005	261.2755	0.8157723	7.675395
6384	-8150.73	-8412.421	261.6911	0.8598728	7.42921
6390	-8132.261	-8393.646	261.3848	0.8470502	7.600148
6396	-8142.402	-8404.485	262.0831	0.8499375	7.224187
6402	-8140.948	-8402.41	261.4617	0.8188949	7.574047
6408	-8150.814	-8412.118	261.3041	0.7927491	7.672383
6414	-8136.046	-8398.327	262.2818	0.7940364	7.147464
6420	-8141.515	-8403.993	262.4773	0.8719997	7.00033
6426	-8136.604	-8400.336	263.7316	0.8891889	6.312903
6432	-8132.299	-8393.514	261.2156	0.742276	7.746677
6438	-8149.99	-8412.862	262.8724	0.9152271	6.763976
6444	-8145.553	-8408.208	262.6553	0.8830714	6.898446
6450	-8148.383	-8410.818	262.435	0.897242	7.0095
6456	-8147.961	-8410.96	262.9986	0.8788598	6.715488
6462	-8151.127	-8412.038	260.9104	0.8342079	7.860639
6468	-8131.342	-8393.144	261.8021	0.812459	7.395129
6474	-8134.649	-8396.276	261.6267	0.9145387	7.434463
6480	-8147.715	-8410.484	262.7682	0.9008575	6.827972
6486	-8149.827	-8411.949	262.122	0.8314737	7.213234
6492	-8136.56	-8398.416	261.8564	0.8581479	7.341515
6498	-8148.127	-8411.135	263.0073	0.8581479	6.721979
6504	-8149.988	-8411.486	261.4974	0.8884287	7.517701
6510	-8147.758	-8408.331	260.5737	0.8713203	8.020478
6516	-8137.561	-8400.005	262.4448	0.919786	6.992122
6522	-8139.111	-8401.512	262.4008	0.8911505	7.031204
6528	-8136.348	-8398.876	262.5279	0.7779008	7.023732
6534	-8134.894	-8398.23	263.3357	0.8904351	6.526876
6540	-8133.183	-8397.045	263.8621	0.939042	6.214922
6546	-8140.448	-8404.288	263.84	0.9611452	6.214922
6552	-8145.47	-8407.108	261.6383	0.8348931	7.470888
6558	-8157.94	-8419.042	261.1026	0.788408	7.782408
6564	-8140.87	-8403.394	262.5242	0.8628619	6.979972
6570	-8150.775	-8412.098	261.3232	0.8313167	7.641531
6576	-8156.372	-8418.213	261.8406	0.7996031	7.381396
6582	-8155.162	-8416.661	261.4991	0.8166584	7.555224
6588	-8139.295	-8400.041	260.7454	0.7490411	7.994155
6594	-8140.726	-8401.954	261.2278	0.7873312	7.716066
6600	-8135.675	-8396.903	261.2278	0.7873312	7.716066
6606	-8144.298	-8405.468	261.1697	0.8454357	7.716066
6612	-8138.103	-8400.286	262.1834	0.8442124	7.173402
6618	-8158.139	-8419.439	261.3	0.7486422	7.698182
6624	-8161.93	-8424.018	262.0881	0.8561374	7.218204
6630	-8147.265	-8409.541	262.276	0.8624875	7.113791
6636	-8144.903	-8408.323	263.4198	0.8945547	6.47912
6642	-8138.942	-8400.53	261.5883	0.8543993	7.487257
6648	-8128.16	-8391.113	262.953	0.9339172	6.710355
6654	-8120.833	-8383.917	263.0834	0.8626664	6.67838
6660	-8128.57	-8390.586	262.0165	0.8014159	7.286047
6666	-8131.816	-8393.876	262.0598	0.8305219	7.247133
6672	-8132.183	-8396.192	264.0089	0.9214223	6.144627
6678	-8135.881	-8399.365	263.4842	0.9046973	6.438722
6684	-8130.507	-8393.534	263.027	0.8677511	6.706158
6690	-8141.202	-8402.675	261.4728	0.8259369	7.564344
6696	-8133.737	-8395.675	261.9381	0.8306608	7.31242
6702	-8206.072	-8468.816	262.7438	0.8700162	6.857781
6708	-8174.695	-8436.164	261.4684	0.7334038	7.616234
6714	-8165.914	-8426.24	260.3262	0.7829324	8.199446
6720	-8157.971	-8421.425	263.4541	0.9789741	6.414778
6726	-8154.031	-8417.803	263.7727	0.8755991	6.297945
6732	-8143.602	-8405.964	262.3617	0.9078142	7.043292
6738	-8152.038	-8414.184	262.1463	0.8387615	7.196257
6744	-8135.388	-8397.885	262.4973	0.9440142	6.950783
6750	-8143.087	-8406.252	263.1648	0.8090586	6.663368
6756	-8130.529	-8393.603	263.0733	0.9006015	6.663368
6762	-8134.36	-8397.687	263.3262	0.8726837	6.541642
6768	-8142.944	-8404.646	261.7022	0.8201891	7.44457
6774	-8152.479	-8414.619	262.14	0.8207545	7.209324
6780	-8161.001	-8422.085	261.0842	0.6917088	7.843915
6786	-8139.765	-8401.465	261.7004	0.8052642	7.453527
6792	-8128.448	-8390.115	261.6666	0.8390737	7.453527
6798	-8139.658	-8401.381	261.7226	0.7830474	7.453527
