Iteration	Posterior	Likelihood	Prior	rate_log_sd	tree_length
0	-8157.007	-8418.304	261.2967	0.8321516	7.655251
6	-8151.153	-8413.484	262.3311	0.8662371	7.082122
12	-8153.611	-8417.801	264.1897	0.9736636	6.017671
18	-8144.454	-8406.049	261.5949	0.7367615	7.546734
24	-8135.574	-8397.504	261.9305	0.8613866	7.299974
30	-8147.588	-8409.588	262	0.7919387	7.299974
36	-8150.629	-8411.88	261.252	0.8288791	7.68095
42	-8145.491	-8407.636	262.1445	0.8843356	7.172738
48	-8137.489	-8400.376	262.8873	0.8745296	6.777917
54	-8133.394	-8395.617	262.2234	0.8368452	7.155823
60	-8137.384	-8399.633	262.2486	0.8532241	7.133465
66	-8140.982	-8403.251	262.2698	0.8389704	7.12976
72	-8136.438	-8398.797	262.3588	0.906971	7.04527
78	-8153.914	-8416.372	262.4585	0.8072844	7.04527
84	-8138.703	-8400.48	261.7768	0.8741996	7.375573
90	-8152.671	-8414.296	261.6247	0.8510234	7.469562
96	-8140.707	-8402.303	261.5963	0.8794268	7.469562
102	-8135.644	-8397.491	261.8465	0.8794268	7.335386
108	-8137.082	-8399.088	262.0061	0.783012	7.301491
114	-8149.758	-8410.512	260.7548	0.8108586	7.956129
120	-8140.576	-8403.9	263.3247	0.9186039	6.517619
126	-8137.29	-8400.054	262.7646	0.8643161	6.849656
132	-8137.674	-8398.548	260.874	0.7919069	7.902634
138	-8136.732	-8399.24	262.5083	0.8859516	6.976095
144	-8131.367	-8394.705	263.3381	0.8859516	6.528036
150	-8125.564	-8387.693	262.1294	0.864587	7.191439
156	-8138.755	-8399.611	260.8561	0.7872042	7.914715
162	-8132.08	-8394.682	262.6024	0.8848516	6.92603
168	-8143.695	-8406.328	262.6333	0.836128	6.935602
174	-8144.952	-8405.199	260.2472	0.7472244	8.260514
180	-8134.374	-8395.314	260.9406	0.7873352	7.869514
186	-8137.141	-8399.636	262.4947	0.8428133	7.006663
192	-8141.37	-8403.617	262.2471	0.8784907	7.120707
198	-8142.501	-8405.333	262.8326	0.9272296	6.779
204	-8142.279	-8405.28	263.0016	0.8291432	6.74072
210	-8146.972	-8410.686	263.7143	0.8418317	6.347989
216	-8139.048	-8400.002	260.9539	0.8261662	7.841712
222	-8155.141	-8414.208	259.0668	0.7618733	8.879546
228	-8149.261	-8411.351	262.0903	0.8120253	7.240672
234	-8136.43	-8398.329	261.8984	0.8934483	7.300014
240	-8142.204	-8405.488	263.2843	1.015738	6.486847
246	-8134.814	-8398.789	263.9752	0.9766538	6.132927
252	-8135.404	-8398.756	263.352	0.973057	6.473325
258	-8130.852	-8394.835	263.9825	0.9523759	6.142168
264	-8136.522	-8398.956	262.4342	0.8810145	7.018682
270	-8141.215	-8404.706	263.4911	0.8187367	6.481585
276	-8149.404	-8413.054	263.6499	0.8917325	6.355863
282	-8137.613	-8398.503	260.8898	0.8547833	7.860651
288	-8134.561	-8397.187	262.6263	0.8377087	6.93855
294	-8136.438	-8400.273	263.8351	0.9974262	6.197857
300	-8151.165	-8413.412	262.2469	0.9298687	7.093205
306	-8154.886	-8417.011	262.1246	0.898629	7.175734
312	-8149.845	-8412.24	262.3952	0.894998	7.032149
318	-8140.863	-8402.395	261.5322	0.8879419	7.499316
324	-8162.875	-8425.268	262.3928	0.9014262	7.029957
330	-8140.473	-8402.407	261.934	0.8657668	7.295758
336	-8146.926	-8408.88	261.9544	0.8453509	7.295758
342	-8148.802	-8411.97	263.168	0.929142	6.596695
348	-8148.737	-8411.087	262.3498	0.8688878	7.070622
354	-8174.639	-8437.068	262.4295	0.9054002	7.008073
360	-8155.452	-8418.961	263.5088	0.9716802	6.389051
366	-8147.025	-8410.347	263.3216	0.9359838	6.509877
372	-8147.496	-8411.83	264.334	0.9310246	5.962206
378	-8129.218	-8391.416	262.1975	0.8687277	7.152603
384	-8122.725	-8385.834	263.109	0.8240606	6.685413
390	-8135.393	-8396.963	261.5698	0.7940188	7.529493
396	-8137.725	-8400.16	262.4347	0.8425671	7.039124
402	-8130.512	-8392.266	261.7542	0.8425671	7.404689
408	-8137.078	-8399.719	262.6412	0.9001818	6.896863
414	-8135.227	-8398.258	263.0312	0.8509708	6.712948
420	-8136.067	-8399.303	263.2359	0.8818638	6.58558
426	-8144.433	-8408.11	263.6778	0.9438478	6.312423
432	-8147.797	-8411.497	263.7002	0.8680493	6.341445
438	-8146.724	-8410.005	263.2811	0.8680493	6.568577
444	-8149.138	-8411.803	262.6647	0.9225234	6.872129
450	-8139.099	-8401.445	262.3466	0.8815208	7.06555
456	-8131.509	-8394.345	262.8359	0.8811377	6.802118
462	-8135.047	-8396.172	261.1249	0.8155552	7.756029
468	-8139.888	-8402.217	262.3288	0.8965084	7.067043
474	-8140.948	-8402.161	261.2131	0.8726713	7.678327
480	-8133.741	-8393.842	260.1008	0.8180235	8.300748
486	-8127.344	-8389.101	261.7566	0.8079121	7.42199
492	-8124.05	-8386.319	262.2687	0.8498814	7.124477
498	-8134.579	-8398.086	263.5072	0.9080925	6.424403
504	-8139.857	-8400.926	261.0686	0.8298573	7.778425
510	-8122.571	-8384.359	261.7877	0.8038604	7.407467
516	-8129.299	-8390.697	261.3981	0.80052	7.617918
522	-8127.544	-8389.777	262.2327	0.7905526	7.175745
528	-8141.402	-8404.76	263.3585	0.9181438	6.499535
534	-8136.371	-8399.13	262.7594	0.8901666	6.838525
540	-8136.041	-8399.54	263.499	0.8660184	6.45164
546	-8148.161	-8410.849	262.6882	0.8610729	6.892601
552	-8131.79	-8395.195	263.4054	0.8131193	6.531005
558	-8126.307	-8388.791	262.485	0.8305853	7.018489
564	-8144.734	-8407.986	263.2515	0.8760021	6.580297
570	-8127.519	-8388.429	260.9097	0.8273344	7.86468
576	-8134.246	-8396.724	262.4788	0.8980862	6.985467
582	-8138.683	-8401.092	262.4096	0.8795989	7.032658
588	-8138.677	-8401.307	262.6301	0.9383992	6.882243
594	-8135.03	-8396.548	261.5189	0.8214316	7.542096
600	-8140.383	-8401.681	261.2975	0.7850403	7.680035
606	-8157.79	-8419.126	261.3366	0.8102745	7.645632
612	-8121.22	-8381.933	260.7134	0.7782006	7.995666
618	-8128.528	-8390.355	261.8274	0.8517172	7.360523
624	-8145.428	-8408.518	263.0894	0.9082324	6.650536
630	-8135.602	-8396.898	261.2957	0.9113281	7.613424
636	-8131.413	-8393.107	261.694	0.8311079	7.443065
642	-8128.871	-8390.517	261.6461	0.879047	7.443065
648	-8132.579	-8394.204	261.625	0.9001903	7.443065
654	-8133.986	-8393.623	259.637	0.7576001	8.579389
660	-8130.032	-8392.23	262.1979	0.8219745	7.177541
666	-8132.278	-8394.769	262.4911	0.8861434	6.985283
672	-8130.947	-8391.587	260.6396	0.8218583	8.011703
678	-8148.449	-8410.304	261.8547	0.7818599	7.383314
684	-8150.392	-8411.631	261.2393	0.8364131	7.683706
690	-8134.374	-8394.797	260.4226	0.8176426	8.129643
696	-8140.153	-8402.183	262.0302	0.8257815	7.265558
702	-8137.487	-8397.799	260.3116	0.7865358	8.205344
708	-8149.898	-8412.44	262.542	0.8256678	6.990442
714	-8153.363	-8416.81	263.4476	0.9955645	6.409273
720	-8147.265	-8409.88	262.615	0.8866804	6.918238
726	-8142.904	-8404.99	262.0864	0.996525	7.143666
732	-8136.333	-8399.585	263.2526	0.8983152	6.56762
738	-8135.442	-8397.58	262.1378	0.8554835	7.19181
744	-8124.559	-8385.915	261.3562	0.8037376	7.638634
750	-8135.384	-8397.014	261.6292	0.864501	7.459934
756	-8135.644	-8396.828	261.1836	0.7950137	7.735625
762	-8133.083	-8395.759	262.6753	0.8496326	6.905731
768	-8137.938	-8399.556	261.6181	0.841459	7.478221
774	-8134.81	-8397.938	263.1285	0.9045705	6.631356
780	-8135.267	-8398.021	262.7547	0.8845172	6.844089
786	-8143.402	-8405.624	262.2227	0.8791129	7.133506
792	-8139.333	-8398.699	259.3651	0.7394994	8.733245
798	-8142.329	-8404.67	262.3409	0.7902764	7.117721
804	-8136.078	-8397.636	261.5578	0.8257421	7.518952
810	-8135.27	-8398.004	262.7332	0.8464485	6.876234
816	-8134.448	-8397.172	262.7233	0.8427853	6.883522
822	-8135.732	-8397.336	261.6046	0.8749069	7.467539
828	-8131.87	-8394.621	262.7511	0.848251	6.865598
834	-8127.559	-8390.074	262.5148	0.8604838	6.986309
840	-8139.154	-8401.39	262.2361	0.8743198	7.128846
846	-8133.385	-8395.102	261.7162	0.8461985	7.423105
852	-8131.551	-8393.257	261.7055	0.8349964	7.434851
858	-8138.692	-8400.811	262.1196	0.8455996	7.206947
864	-8134.844	-8397.288	262.4443	0.927919	6.987988
870	-8131.12	-8393.43	262.3099	0.8085728	7.124511
876	-8137.272	-8398.622	261.3503	0.827879	7.628902
882	-8132.468	-8395.378	262.91	0.8186591	6.795842
888	-8148.288	-8410.052	261.7637	0.850835	7.395167
894	-8148.793	-8410.379	261.5861	0.8225802	7.505498
900	-8141.687	-8403.098	261.4112	0.8717489	7.572784
906	-8144.531	-8407.716	263.1844	0.940173	6.581893
912	-8133.676	-8396.938	263.262	0.8625269	6.581893
918	-8129.34	-8391.971	262.6312	0.8962814	6.904323
924	-8141.573	-8403.913	262.34	0.9032725	7.057401
930	-8134.952	-8397.337	262.3851	0.858185	7.057401
936	-8135.709	-8398.325	262.6169	0.8899611	6.915472
942	-8139.067	-8400.788	261.721	0.8205455	7.434297
948	-8142.834	-8405.593	262.7585	0.8205455	6.876529
954	-8141.508	-8404.686	263.1771	0.8867761	6.614694
960	-8130.061	-8391.601	261.5405	0.7703785	7.55785
966	-8150.481	-8410.284	259.8032	0.7562546	8.491799
972	-8137.396	-8397.855	260.4585	0.7562546	8.143227
978	-8132.932	-8394.621	261.6892	0.8433757	7.439077
984	-8139.378	-8402.56	263.1813	0.8433757	6.635923
990	-8141.95	-8403.185	261.2356	0.8433495	7.681975
996	-8142.162	-8404.259	262.0966	0.8348782	7.225053
1002	-8141.63	-8404.024	262.3941	0.8049304	7.081187
1008	-8142.652	-8405.062	262.4092	0.8787869	7.033348
1014	-8147.105	-8411.33	264.2248	0.9418006	6.015908
1020	-8146.426	-8408.55	262.1246	0.8282213	7.213591
1026	-8142.225	-8403.425	261.1995	0.8434641	7.701208
1032	-8145.405	-8407.484	262.0791	0.8569755	7.222546
1038	-8150.407	-8412.377	261.9697	0.8960351	7.260338
1044	-8143.407	-8406.048	262.6416	0.9220542	6.884835
1050	-8126.535	-8388.267	261.7312	0.82721	7.425215
1056	-8133.339	-8396.27	262.9308	0.8253985	6.78097
1062	-8137.059	-8399.74	262.6815	0.8559329	6.898961
1068	-8136.969	-8399.378	262.409	0.9432898	6.998701
1074	-8151.916	-8413.492	261.5759	0.8451066	7.498894
1080	-8159.883	-8421.736	261.8527	0.9144545	7.313245
1086	-8140.953	-8403.254	262.3015	0.8914354	7.084507
1092	-8138.729	-8400.891	262.162	0.8632848	7.174624
1098	-8144.705	-8406.361	261.6558	0.8240381	7.467376
1104	-8132.022	-8393.835	261.813	0.8710788	7.357823
1110	-8132.851	-8394.764	261.9127	0.7714496	7.357823
1116	-8141.211	-8403.047	261.8351	0.8955807	7.332816
1122	-8151.13	-8411.738	260.608	0.8090836	8.035397
1128	-8154.533	-8417.257	262.7242	0.8370285	6.886118
1134	-8142.204	-8404.755	262.5509	0.8822518	6.955143
1140	-8133.406	-8395.768	262.3622	0.9591729	7.015363
1146	-8134.874	-8398.251	263.3763	0.8994719	6.499996
1152	-8153.705	-8414.96	261.2544	0.9137113	7.634245
1158	-8146.579	-8408.717	262.1382	0.7780803	7.233221
1164	-8141.069	-8403.45	262.3814	0.9281027	7.02178
1170	-8138.371	-8400.985	262.6138	0.9164168	6.902872
1176	-8133.137	-8395.611	262.4741	0.7992098	7.041235
1182	-8131.033	-8393.771	262.738	0.8410122	6.876542
1188	-8142.41	-8403.156	260.7459	0.8358038	7.947571
1194	-8130.473	-8393.86	263.3875	0.9511434	6.465935
1200	-8144.906	-8409.009	264.1032	0.919612	6.094245
1206	-8151.969	-8415.994	264.0247	0.9981762	6.094245
1212	-8139.737	-8402.938	263.2011	0.8942574	6.597653
1218	-8151.818	-8415.465	263.6467	0.9272134	6.338358
1224	-8141.426	-8402.781	261.355	0.936582	7.568191
1230	-8143.857	-8406.63	262.7725	0.8583209	6.848601
1236	-8131.823	-8393.72	261.8966	0.8798671	7.308257
1242	-8120.392	-8383.253	262.8617	0.9006171	6.777665
1248	-8132.178	-8393.209	261.031	0.8184235	7.804625
1254	-8142.569	-8404.033	261.464	0.8024888	7.581619
1260	-8132.339	-8394.948	262.6089	0.9104038	6.908756
1266	-8135.78	-8399.188	263.408	0.9680111	6.445719
1272	-8135.641	-8399.143	263.5027	0.8604889	6.452663
1278	-8136.814	-8398.473	261.6595	0.8494843	7.451743
1284	-8146.789	-8410.554	263.765	0.8771008	6.301305
1290	-8143.451	-8406.816	263.3646	0.9337305	6.487816
1296	-8143.542	-8405.979	262.4371	0.9686817	6.969889
1302	-8134.519	-8396.195	261.6768	0.856317	7.438804
1308	-8139.681	-8401.032	261.351	0.8382426	7.62296
1314	-8141.657	-8402.524	260.8668	0.8470121	7.877052
1320	-8143.713	-8404.675	260.9624	0.7514316	7.877052
1326	-8127.225	-8389.582	262.3569	0.8373551	7.083764
1332	-8127.129	-8390.207	263.0778	0.8630406	6.681212
1338	-8129.225	-8391.071	261.8459	0.7575961	7.401083
1344	-8128.26	-8390.745	262.4844	0.914429	6.97364
1350	-8141.188	-8402.284	261.0963	0.8814221	7.736108
1356	-8136.469	-8397.705	261.236	0.8079787	7.700659
1362	-8149.47	-8412.451	262.9809	0.8612961	6.734534
1368	-8146.897	-8409.656	262.759	0.8702531	6.849434
1374	-8141.325	-8402.568	261.2435	0.8554068	7.671311
1380	-8146.1	-8407.778	261.6783	0.7219991	7.509961
1386	-8146.594	-8406.958	260.3644	0.8445116	8.146315
1392	-8144.48	-8407.081	262.601	0.9123427	6.91198
1398	-8139.044	-8401.676	262.6314	0.8818839	6.91198
1404	-8135.278	-8397.956	262.6772	0.8424227	6.908567
1410	-8138.668	-8401.982	263.3135	0.898286	6.534643
1416	-8141.859	-8405.254	263.3942	0.9389796	6.468912
1422	-8133.705	-8396.629	262.924	0.8690156	6.761092
1428	-8123.663	-8384.906	261.2427	0.824687	7.688136
1434	-8133.016	-8393.984	260.9683	0.7939082	7.851236
1440	-8137.523	-8398.437	260.914	0.8482364	7.851236
1446	-8142.327	-8405.017	262.6899	0.8504179	6.897403
1452	-8146.466	-8408.55	262.0838	0.8924697	7.200981
1458	-8135.079	-8397.094	262.0158	0.8583239	7.255846
1464	-8126.371	-8389.36	262.9892	0.8812267	6.71929
1470	-8149.463	-8411.959	262.4964	0.8419341	7.00621
1476	-8134.579	-8395.302	260.7228	0.7376372	8.012259
1482	-8139.903	-8401.771	261.8675	0.8554192	7.336995
1488	-8148.991	-8410.118	261.1271	0.8154888	7.754887
1494	-8149.043	-8410.292	261.2499	0.8913946	7.648626
1500	-8145.178	-8407.899	262.721	0.8668954	6.871765
1506	-8146.591	-8409.071	262.4801	0.8833669	6.992674
1512	-8139.739	-8401.541	261.8012	0.8590348	7.370617
1518	-8133.881	-8396.751	262.8691	0.8386338	6.807124
1524	-8134.286	-8396.051	261.7644	0.9257781	7.35457
1530	-8137.638	-8399.118	261.48	0.7696885	7.590608
1536	-8142.939	-8404.6	261.6611	0.7662518	7.495449
1542	-8130.978	-8392.079	261.1012	0.7662518	7.795034
1548	-8137.346	-8396.367	259.0212	0.7815532	8.89326
1554	-8136.57	-8398.012	261.4419	0.7746551	7.608327
1560	-8137.847	-8398.601	260.7541	0.7911711	7.96702
1566	-8136.656	-8396.132	259.4763	0.7651015	8.660679
1572	-8125.405	-8387.366	261.961	0.8585067	7.28514
1578	-8129.127	-8390.878	261.7509	0.7738661	7.44329
1584	-8131.388	-8392.962	261.5739	0.7653581	7.542675
1590	-8140.928	-8402.853	261.9253	0.8036299	7.333781
1596	-8134.69	-8396.594	261.9043	0.8246522	7.333781
1602	-8146.73	-8407.718	260.9876	0.8246522	7.824509
1608	-8154.787	-8415.898	261.1109	0.807622	7.767702
1614	-8145.748	-8407.725	261.9764	0.8857947	7.26223
1620	-8143.971	-8406.739	262.7681	0.963299	6.794351
1626	-8140.339	-8403.146	262.8073	0.9240672	6.794351
1632	-8130.691	-8392.576	261.8858	0.8474452	7.331484
1638	-8117.723	-8381.01	263.2866	0.9085068	6.54372
1644	-8127.483	-8391.463	263.9802	0.9394438	6.150453
1650	-8134.045	-8396.025	261.9792	0.8323037	7.28944
1656	-8134.445	-8395.865	261.4204	0.8499545	7.579552
1662	-8146.963	-8408.311	261.3479	0.8505311	7.618041
1668	-8129.992	-8390.851	260.8591	0.7490615	7.933474
1674	-8135.135	-8396.642	261.5072	0.7973167	7.561256
1680	-8127.296	-8389.046	261.7503	0.8093835	7.424531
1686	-8127.835	-8389.581	261.7463	0.8133957	7.424531
1692	-8134.918	-8396.665	261.7463	0.8133957	7.424531
1698	-8130.97	-8392.724	261.7539	0.8505428	7.40056
1704	-8141.458	-8403.435	261.9771	0.8584023	7.276592
1710	-8147.638	-8409.685	262.0467	0.8193916	7.260176
1716	-8153.228	-8414.213	260.9857	0.7454958	7.86781
1722	-8129.274	-8391.283	262.0092	0.7797933	7.301534
1728	-8138.474	-8400.167	261.6929	0.8772324	7.418932
1734	-8142.743	-8404.681	261.9387	0.8752003	7.288186
1740	-8156.533	-8417.75	261.2174	0.8396386	7.693685
1746	-8137.335	-8398.284	260.9495	0.7291712	7.895852
1752	-8130.852	-8393.147	262.2942	0.9168789	7.074722
1758	-8140.807	-8402.942	262.1357	0.8887402	7.175083
1764	-8163.433	-8424.128	260.6951	0.8511876	7.96647
1770	-8163.507	-8424.196	260.6888	0.8316467	7.980275
1776	-8157.774	-8420.013	262.2396	0.8061252	7.163629
1782	-8156.23	-8417.574	261.3441	0.7924156	7.651171
1788	-8155.698	-8416.747	261.0486	0.803986	7.802977
1794	-8143.94	-8406.04	262.0996	0.7924923	7.246165
1800	-8139.778	-8401.735	261.9575	0.8256574	7.304694
1806	-8144.265	-8406.822	262.5568	0.8574817	6.965324
1812	-8141.285	-8402.677	261.3919	0.846341	7.596717
1818	-8148.306	-8410.423	262.1169	0.8135444	7.225609
1824	-8154.957	-8415.564	260.6065	0.7418301	8.072018
1830	-8155.858	-8416.375	260.5174	0.8309857	8.072018
1836	-8142.234	-8402.244	260.0097	0.8442159	8.335313
1842	-8147.198	-8410.386	263.1886	0.9126886	6.594457
1848	-8145.666	-8408.789	263.1231	0.9507899	6.609288
1854	-8162.389	-8424.743	262.3538	0.891719	7.056211
1860	-8141.236	-8403.866	262.6301	0.884892	6.911052
1866	-8135.823	-8398.33	262.5075	0.9612651	6.935955
1872	-8141.318	-8403.55	262.2313	0.769088	7.188038
1878	-8132.448	-8393.248	260.7991	0.8300055	7.922279
1884	-8143.669	-8405.223	261.5535	0.8300055	7.518945
1890	-8139.369	-8400.936	261.5671	0.8872341	7.481
1896	-8138.619	-8400.132	261.513	0.8107159	7.550979
1902	-8130.141	-8392.838	262.6979	0.760998	6.941317
1908	-8129.715	-8392.602	262.8873	0.8449212	6.793894
1914	-8149.357	-8410.072	260.7149	0.8525721	7.955172
1920	-8141.577	-8402.634	261.0568	0.7279996	7.83915
1926	-8140.874	-8401.965	261.0902	0.797046	7.784435
1932	-8150.279	-8411.577	261.298	0.7267475	7.71095
1938	-8161.87	-8422.452	260.5824	0.7352975	8.088339
1944	-8142.287	-8404.615	262.3282	0.8360264	7.099904
1950	-8140.939	-8403.288	262.3487	0.8155226	7.099904
1956	-8127.231	-8390.906	263.6747	0.8862896	6.345387
1962	-8134.675	-8396.675	262.0002	0.8951237	7.244432
1968	-8124.102	-8386.884	262.782	0.9551289	6.791251
1974	-8142.364	-8403.463	261.0995	0.9451262	7.700341
1980	-8146.228	-8408.888	262.6594	0.7972237	6.942532
1986	-8141.354	-8404.254	262.9001	0.9285851	6.741844
1992	-8143.172	-8404.526	261.3544	0.7995624	7.641851
1998	-8134.004	-8395.246	261.2421	0.8056453	7.698662
2004	-8135.596	-8397.088	261.4918	0.8386809	7.547378
2010	-8147.901	-8409.392	261.4913	0.8853337	7.522663
2016	-8146.761	-8407.434	260.6724	0.81474	7.998011
2022	-8131.951	-8392.951	261.0001	0.7915176	7.835528
2028	-8137.255	-8398.856	261.6012	0.767954	7.526673
2034	-8149.846	-8410.897	261.0514	0.7932327	7.807222
2040	-8143.411	-8405.922	262.511	0.8953749	6.969573
2046	-8152.701	-8415.76	263.0588	0.8690634	6.688256
2052	-8139.75	-8401.094	261.3435	0.8242193	7.634459
2058	-8137.8	-8399.629	261.8289	0.8203548	7.376524
2064	-8139.889	-8403.802	263.9128	0.943707	6.184785
2070	-8140.971	-8404.157	263.1852	0.9280959	6.587974
2076	-8134.463	-8396.571	262.1079	0.8675223	7.201427
2082	-8130.216	-8392.844	262.6281	0.9789644	6.861441
2088	-8127.805	-8389.756	261.9509	0.8877578	7.274866
2094	-8123.147	-8383.752	260.6053	0.7937778	8.045001
2100	-8159.305	-8421.63	262.3244	0.8418318	7.098838
2106	-8154.722	-8419.698	264.976	0.9643338	5.59256
2112	-8144.357	-8407.931	263.5732	0.9189923	6.382677
2118	-8160.926	-8425.531	264.6046	1.019931	5.76567
2124	-8137.592	-8402.117	264.5248	1.025278	5.806457
2130	-8135.584	-8399.67	264.0857	0.9662593	6.078368
2136	-8135.019	-8398.738	263.7187	0.9641091	6.279196
2142	-8142.404	-8403.634	261.2304	0.8220407	7.696154
2148	-8142.593	-8404.169	261.5752	0.7810986	7.533512
2154	-8151.307	-8412.839	261.5325	0.8404303	7.524617
2160	-8139.309	-8401.978	262.6688	0.9272231	6.867374
2166	-8142.828	-8405.517	262.6881	0.8407602	6.90359
2172	-8136.786	-8400.495	263.7099	0.9205327	6.307663
2178	-8151.696	-8414.8	263.1042	0.9150117	6.638844
2184	-8141.808	-8404.943	263.1352	0.8719141	6.645427
2190	-8134.701	-8396.297	261.5957	0.8747052	7.472403
2196	-8135.93	-8398.899	262.9693	0.8663116	6.738056
2202	-8146.372	-8408.605	262.233	0.8907811	7.121677
2208	-8147.355	-8410.27	262.915	0.9186943	6.739135
2214	-8145.932	-8407.857	261.9249	0.9399208	7.26081
2220	-8152.469	-8414.856	262.387	0.8224409	7.075612
2226	-8142.865	-8406.067	263.2022	0.8613212	6.614924
2232	-8146.653	-8409.242	262.5884	0.8363899	6.959655
2238	-8149.937	-8412.565	262.6278	0.8729974	6.918737
2244	-8139.29	-8401.932	262.6421	0.8853095	6.904346
2250	-8124.03	-8385.158	261.1286	0.7753872	7.775471
2256	-8126.247	-8386.427	260.1804	0.7809226	8.278143
2262	-8132.587	-8394.306	261.7189	0.8174056	7.437086
2268	-8146.137	-8408.632	262.4942	0.7794544	7.041056
2274	-8128.201	-8389.925	261.7247	0.8519775	7.415434
2280	-8138.504	-8399.492	260.9888	0.7688287	7.853651
2286	-8135.655	-8397.695	262.0409	0.7817008	7.283514
2292	-8134.462	-8397.191	262.7292	0.8372794	6.883289
2298	-8127.086	-8389.581	262.4953	0.9089561	6.970732
2304	-8122.957	-8386.367	263.4109	0.9374594	6.460708
2310	-8134.209	-8397.718	263.5082	0.8401086	6.460708
2316	-8143.048	-8405.255	262.2071	0.851771	7.156574
2322	-8151.594	-8412.654	261.0601	0.8330721	7.781269
2328	-8145.24	-8406.87	261.6295	0.8365454	7.474734
2334	-8143.389	-8405.135	261.7461	0.9233511	7.365668
2340	-8137.888	-8399.512	261.6231	0.8052849	7.494901
2346	-8145.527	-8407.011	261.4836	0.9448109	7.494901
2352	-8141.298	-8402.908	261.6101	0.8284345	7.489503
2358	-8148.709	-8410.312	261.6032	0.7947846	7.511217
2364	-8125.228	-8386.79	261.5617	0.7833337	7.539557
2370	-8136.846	-8399.093	262.2466	0.8224281	7.151094
2376	-8141.131	-8402.72	261.5893	0.8466573	7.490837
2382	-8139.288	-8400.494	261.2057	0.8466573	7.696176
2388	-8133.658	-8393.938	260.2794	0.7737578	8.229279
2394	-8151.221	-8413.111	261.8892	0.8300599	7.338977
2400	-8156.685	-8417.889	261.2045	0.9195254	7.657856
2406	-8145.717	-8407.35	261.6334	0.8634614	7.458223
2412	-8151.407	-8413.999	262.5918	0.9200391	6.912772
2418	-8156.689	-8419.172	262.4829	0.990312	6.933595
2424	-8143.039	-8403.917	260.878	0.7832897	7.905085
2430	-8134.989	-8396.61	261.6213	0.788281	7.504974
2436	-8127.113	-8389.556	262.4426	0.8205006	7.046711
2442	-8120.759	-8382.278	261.5191	0.8284036	7.538235
2448	-8136.879	-8398.486	261.607	0.9155626	7.444461
2454	-8126.002	-8389.292	263.2894	0.9868406	6.49977
2460	-8134.689	-8395.382	260.6939	0.8527202	7.966293
2466	-8127.752	-8390.421	262.6687	0.8581142	6.904715
2472	-8154.019	-8414.644	260.6247	0.7778518	8.043107
2478	-8142.124	-8403.248	261.1243	0.8332337	7.7469
2484	-8134.086	-8395.286	261.2006	0.7590728	7.745719
2490	-8141.535	-8401.642	260.1064	0.7526553	8.332572
2496	-8136.869	-8399.217	262.3486	0.8370304	7.088438
2502	-8142.959	-8405.486	262.5266	0.8339437	6.994285
2508	-8154.285	-8416.736	262.4508	0.9097191	6.994285
2514	-8134.256	-8397.315	263.0591	0.9136531	6.663955
2520	-8136.821	-8398.829	262.0075	0.8370846	7.271683
2526	-8139.148	-8402.284	263.1354	0.8506732	6.656794
2532	-8143.739	-8404.674	260.9353	0.747294	7.893747
2538	-8147.049	-8407.792	260.7427	0.7521929	7.993889
2544	-8137.233	-8398.421	261.1881	0.8769989	7.689345
2550	-8131.947	-8393.587	261.6402	0.8169221	7.479548
2556	-8126.963	-8388.603	261.6402	0.8169221	7.479548
2562	-8126.489	-8388.087	261.598	0.8590346	7.479548
2568	-8130.911	-8394.943	264.0319	0.9261748	6.129539
2574	-8140.631	-8402.149	261.5183	0.8325795	7.536453
2580	-8142.497	-8404.418	261.921	0.9091222	7.279487
2586	-8132.229	-8394.9	262.6702	0.8872316	6.888178
2592	-8139.362	-8401.675	262.3129	0.8963066	7.075753
2598	-8145.071	-8408.183	263.1119	0.971586	6.604082
2604	-8151.82	-8413.137	261.3164	0.7844623	7.670222
2610	-8146.497	-8407.745	261.2475	0.7743442	7.712522
2616	-8139.436	-8400.619	261.183	0.7611468	7.754033
2622	-8150.023	-8412.53	262.5063	0.9694771	6.932202
2628	-8146.878	-8408.498	261.6194	0.8813948	7.456142
2634	-8142.808	-8404.533	261.725	0.7773858	7.455253
2640	-8146.219	-8408.232	262.013	0.7980311	7.289706
2646	-8134.939	-8396.917	261.9782	0.8328487	7.289706
2652	-8131.206	-8392.368	261.1628	0.8170478	7.73497
2658	-8139.477	-8400.898	261.4214	0.8321586	7.588527
2664	-8145.685	-8409.725	264.0405	0.9472299	6.113362
2670	-8167.168	-8428.134	260.966	0.8444598	7.825439
2676	-8147.652	-8407.391	259.7391	0.8375741	8.482658
2682	-8141.653	-8403.816	262.1631	0.7555926	7.231903
2688	-8152.856	-8416.072	263.2152	0.9068832	6.583232
2694	-8160.117	-8422.672	262.5554	0.9205342	6.932129
2700	-8150.033	-8412.696	262.6636	0.9462001	6.85997
2706	-8151.562	-8413.343	261.781	0.8630291	7.37934
2712	-8144.266	-8406.32	262.0543	0.8603883	7.234074
2718	-8148.198	-8410.142	261.9434	0.8924849	7.276354
2724	-8146.795	-8406.895	260.0999	0.7848752	8.318879
2730	-8133.249	-8393.97	260.7218	0.7801859	7.990125
2736	-8142.963	-8405.083	262.1202	0.7378312	7.264465
2742	-8132.762	-8394.112	261.3499	0.7215153	7.685967
2748	-8139.904	-8401.189	261.2846	0.7863637	7.686242
2754	-8127.181	-8388.774	261.5924	0.7780238	7.525944
2760	-8120.77	-8383.059	262.2887	0.8582844	7.109222
2766	-8129.747	-8391.945	262.1988	0.8572398	7.158082
2772	-8127.876	-8388.3	260.4248	0.9081414	8.080246
2778	-8121.123	-8383.127	262.0041	0.8638862	7.259157
2784	-8128.048	-8391.06	263.0123	0.8638862	6.716185
2790	-8138.468	-8401.022	262.5541	0.9840606	6.898568
2796	-8137.411	-8398.879	261.4688	0.8126791	7.573617
2802	-8123.246	-8384.43	261.1844	0.8170879	7.723377
2808	-8142.138	-8405.081	262.9432	0.8968426	6.735711
2814	-8140.503	-8401.607	261.1038	0.8260315	7.761663
2820	-8137.782	-8399.64	261.8575	0.7777253	7.384052
2826	-8141.445	-8402.387	260.9418	0.7512331	7.888169
2832	-8139.83	-8401.675	261.8453	0.7619823	7.399057
2838	-8139.262	-8399.746	260.4844	0.7996047	8.106313
2844	-8132.567	-8394.66	262.0928	0.7744157	7.259533
2850	-8130.341	-8391.311	260.9706	0.7541837	7.87122
2856	-8132.157	-8392.789	260.632	0.8003518	8.027255
2862	-8129.307	-8389.803	260.495	0.7806158	8.110779
2868	-8131.708	-8393.623	261.9149	0.8867991	7.294712
2874	-8139.028	-8401.314	262.2858	0.8895227	7.093981
2880	-8140.496	-8401.12	260.6244	0.8113781	8.025422
2886	-8140.659	-8401.053	260.3946	0.7619786	8.174213
2892	-8149.554	-8410.279	260.7249	0.7425337	8.008529
2898	-8151.491	-8412.224	260.7334	0.7340679	8.008529
2904	-8146.814	-8406.588	259.7739	0.7733829	8.498284
2910	-8138.119	-8397.276	259.1579	0.7321531	8.847014
2916	-8145.89	-8407.785	261.8949	0.8915405	7.302906
2922	-8149.292	-8411.801	262.5097	0.9625521	6.934099
2928	-8153.516	-8415.275	261.7582	0.9076475	7.367642
2934	-8146.311	-8408.25	261.9383	0.8366288	7.309072
2940	-8153.396	-8414.775	261.3786	0.7950717	7.631318
2946	-8151.299	-8411.889	260.5894	0.7557182	8.073754
2952	-8144.024	-8405.473	261.4484	0.8635554	7.557256
2958	-8132.523	-8394.651	262.1278	0.8349976	7.208207
2964	-8138.01	-8399.636	261.6263	0.8208098	7.484908
2970	-8128.257	-8389.141	260.8843	0.7592917	7.914573
2976	-8124.568	-8385.523	260.9556	0.772826	7.869263
2982	-8126.782	-8388.787	262.005	0.7836163	7.301734
2988	-8132.917	-8395.529	262.6121	0.9243788	6.899479
2994	-8133.535	-8396.122	262.5875	0.8757606	6.938948
3000	-8141.073	-8405.292	264.219	0.9489712	6.015132
3006	-8138.62	-8401.868	263.2479	0.8115066	6.617143
3012	-8144.414	-8407.857	263.4439	0.9273827	6.448288
3018	-8141.221	-8404.992	263.7706	0.9222095	6.273786
3024	-8140.445	-8401.181	260.7353	0.7660041	7.990453
3030	-8150.032	-8410.584	260.5518	0.7833228	8.079095
3036	-8158.337	-8420.239	261.9022	0.8542398	7.318993
3042	-8160.173	-8422.188	262.0149	0.7861861	7.29503
3048	-8165.243	-8427.028	261.7852	0.7892403	7.416645
3054	-8157.597	-8418.696	261.0983	0.8452896	7.754356
3060	-8146.521	-8407.943	261.4212	0.7752397	7.619136
3066	-8142.503	-8403.732	261.2292	0.8067209	7.704951
3072	-8145.81	-8407.363	261.5531	0.8216865	7.523641
3078	-8147.2	-8408.774	261.5746	0.8001657	7.523641
3084	-8138.701	-8399.286	260.5842	0.7746745	8.066391
3090	-8143.383	-8404.703	261.3194	0.7613937	7.680971
3096	-8151.879	-8413.025	261.1462	0.8572528	7.722328
3102	-8146.663	-8409.204	262.5414	0.8572528	6.973754
3108	-8144.089	-8406.303	262.214	0.8639629	7.14633
3114	-8126.361	-8388.756	262.3951	0.856368	7.05299
3120	-8136.035	-8398.105	262.0696	0.8860919	7.212018
3126	-8134.622	-8396.936	262.3135	0.8232378	7.114738
3132	-8135.197	-8396.894	261.6969	0.8178816	7.448606
3138	-8132.114	-8393.811	261.6969	0.8178816	7.448606
3144	-8130.743	-8393.067	262.324	0.8298284	7.105546
3150	-8143.822	-8405.135	261.3129	0.8771456	7.622552
3156	-8159.899	-8420.091	260.1923	0.7590892	8.283453
3162	-8146.948	-8408.331	261.383	0.9278097	7.557867
3168	-8159.33	-8419.535	260.2052	0.7200793	8.297304
3174	-8155.013	-8416.358	261.3442	0.8906024	7.598555
3180	-8146.718	-8407.735	261.0173	0.725363	7.861682
3186	-8145.15	-8408.053	262.903	0.8405892	6.787766
3192	-8135.015	-8396.827	261.8122	0.8524756	7.368242
3198	-8142.535	-8404.31	261.7744	0.8902614	7.368242
3204	-8155.698	-8420.395	264.6972	0.951806	5.752287
3210	-8148.564	-8411.53	262.9658	0.9132488	6.714592
3216	-8149.75	-8413.48	263.7303	0.917738	6.298084
3222	-8150.338	-8412.379	262.0417	0.7879079	7.279746
3228	-8144.64	-8405.906	261.2656	0.8613197	7.656315
3234	-8130.203	-8393.637	263.4342	0.985145	6.422224
3240	-8148.311	-8410.266	261.955	0.8677007	7.283476
3246	-8152.797	-8414.468	261.6703	0.8377783	7.45224
3252	-8139.367	-8401.062	261.695	0.8130007	7.45224
3258	-8148.634	-8410.938	262.304	0.9684624	7.041673
3264	-8145.035	-8408.679	263.6441	0.9684624	6.317359
3270	-8156.132	-8417.646	261.5141	0.8457749	7.531601
3276	-8135.572	-8397.434	261.8612	0.888587	7.322596
3282	-8130.227	-8391.776	261.5491	0.8938757	7.487093
3288	-8135.22	-8398.716	263.4953	0.8908984	6.440199
3294	-8133.088	-8394.847	261.7593	0.7657063	7.443118
3300	-8140.476	-8401.42	260.9442	0.8306797	7.844437
3306	-8143.203	-8404.673	261.4699	0.9187729	7.516191
3312	-8130.245	-8392.087	261.8421	0.8449922	7.356238
3318	-8124.546	-8386.231	261.6848	0.8025872	7.463303
3324	-8135.674	-8397.374	261.6993	0.7881113	7.463303
3330	-8151.28	-8413.55	262.2697	0.8220623	7.138911
3336	-8145.672	-8407.916	262.2436	0.8480919	7.138911
3342	-8146.812	-8408.708	261.8962	0.8935035	7.301149
3348	-8146.47	-8407.719	261.2484	0.7798753	7.709057
3354	-8140.043	-8401.317	261.2743	0.7539477	7.709057
3360	-8131.185	-8392.824	261.6396	0.8174508	7.47957
3366	-8151.711	-8413.462	261.7517	0.8394468	7.407681
3372	-8150.301	-8412.985	262.684	0.8543313	6.89848
3378	-8148.354	-8409.781	261.4269	0.839477	7.581698
3384	-8144.533	-8406.2	261.6669	0.8557737	7.44437
3390	-8132.795	-8394.073	261.2775	0.838428	7.662163
3396	-8140.006	-8401.768	261.7621	0.8960434	7.371779
3402	-8138.943	-8401.213	262.2698	0.811447	7.144548
3408	-8136.115	-8398.126	262.0106	0.8923364	7.240386
3414	-8133.125	-8395.242	262.1171	0.7857639	7.240386
3420	-8130.812	-8391.948	261.1359	0.8548137	7.729145
3426	-8129.183	-8390.559	261.3761	0.7776125	7.641974
3432	-8141.911	-8403.277	261.3663	0.7874053	7.641974
3438	-8134.416	-8395.833	261.4172	0.7965467	7.609844
3444	-8129.527	-8391.099	261.5718	0.8238547	7.51245
3450	-8131.469	-8392.835	261.3659	0.7748107	7.648917
3456	-8151.798	-8414.838	263.0405	0.8448366	6.711208
3462	-8146.704	-8409.194	262.4899	0.9409035	6.956456
3468	-8147.563	-8410.179	262.6159	0.8148786	6.956456
3474	-8140.373	-8401.463	261.0907	0.8979759	7.730251
3480	-8137.612	-8400.386	262.774	0.8101308	6.873765
3486	-8132.597	-8393.503	260.9054	0.9166424	7.819275
3492	-8131.347	-8394.914	263.5664	0.8452442	6.426367
3498	-8132.758	-8394.439	261.6811	0.86243	7.433222
3504	-8139.719	-8402.332	262.6138	0.8900569	6.917078
3510	-8148.497	-8411.038	262.5413	0.8259918	6.990649
3516	-8143.386	-8405.951	262.5642	0.8030692	6.990649
3522	-8140.012	-8403.708	263.6958	0.8902681	6.33175
3528	-8139.82	-8403.426	263.6061	0.8498944	6.402342
3534	-8125.633	-8389.589	263.9559	0.8747768	6.198854
3540	-8131.89	-8395.388	263.4985	0.9228788	6.42108
3546	-8121.73	-8386.168	264.4374	0.9424314	5.899536
3552	-8134.781	-8396.581	261.7996	0.8746189	7.363128
3558	-8144.382	-8406.211	261.8287	0.8455153	7.363128
3564	-8145.304	-8409.013	263.7088	0.9067191	6.315789
3570	-8155.662	-8416.907	261.245	0.8943607	7.649633
3576	-8132.86	-8392.882	260.0221	0.8089901	8.347442
3582	-8161.395	-8423.439	262.0435	0.7398222	7.304612
3588	-8164.824	-8428.153	263.3295	0.9144231	6.517257
3594	-8145.759	-8407.271	261.5119	0.829787	7.541378
3600	-8162.126	-8423.603	261.4767	0.8649734	7.541378
3606	-8143.188	-8405.047	261.8593	0.8202783	7.360263
3612	-8141.455	-8403.102	261.6471	0.8183967	7.475032
3618	-8136.729	-8398.189	261.4605	0.7470702	7.613155
3624	-8140.004	-8400.885	260.881	0.8377322	7.874423
3630	-8134.272	-8396.383	262.1117	0.8233034	7.223164
3636	-8141.06	-8403.068	262.0081	0.8528725	7.262899
3642	-8131.428	-8392.682	261.2536	0.8651516	7.660656
3648	-8128.224	-8388.482	260.2581	0.8010983	8.226042
3654	-8137.178	-8398.56	261.382	0.8431805	7.603739
3660	-8142.96	-8403.821	260.8611	0.8955766	7.854173
3666	-8139.407	-8401.552	262.1451	0.9017778	7.163031
3672	-8133.277	-8394.058	260.7815	0.781685	7.957437
3678	-8133.148	-8394.785	261.6366	0.8038852	7.488438
3684	-8130.63	-8392.531	261.9005	0.8980465	7.296434
3690	-8159.938	-8422.196	262.2582	0.8789185	7.114481
3696	-8152.902	-8415.901	262.9992	0.8577686	6.72654
3702	-8158.55	-8421.78	263.23	0.9365928	6.55914
3708	-8170.582	-8433.775	263.1929	0.9002728	6.598846
3714	-8153.059	-8416.121	263.0623	0.8707694	6.685445
3720	-8153.115	-8416.079	262.9641	0.9384669	6.70193
3726	-8155.564	-8417.798	262.2344	0.8192842	7.159367
3732	-8154.805	-8417.204	262.3988	0.8488778	7.055054
3738	-8145.857	-8408.277	262.4195	0.82814	7.055054
3744	-8147.545	-8407.94	260.3955	0.7752927	8.166656
3750	-8151.61	-8412.578	260.9684	0.7087696	7.896631
3756	-8132.932	-8394.599	261.6678	0.8394207	7.452679
3762	-8133.237	-8395.862	262.6244	0.8537675	6.930917
3768	-8136.651	-8398.994	262.3435	0.8815041	7.067244
3774	-8139.706	-8402.504	262.7983	0.9317903	6.795052
3780	-8142.52	-8405.784	263.2635	0.937863	6.54033
3786	-8141.924	-8404.739	262.8156	0.8927006	6.806797
3792	-8142.301	-8405.15	262.8498	0.8631661	6.804306
3798	-8151.52	-8415.129	263.6095	1.006976	6.315223
3804	-8146.084	-8408.702	262.6175	0.8309847	6.946921
3810	-8150.15	-8411.734	261.5843	0.8583621	7.487266
3816	-8143.142	-8405.817	262.6754	0.8104334	6.926786
3822	-8129.019	-8391.326	262.3067	0.844505	7.106953
3828	-8148.941	-8410.151	261.2103	0.8158304	7.710195
3834	-8157.472	-8418.727	261.2546	0.8256973	7.681255
3840	-8155.681	-8417.834	262.1533	0.8967251	7.161348
3846	-8157.274	-8418.557	261.2829	0.8352642	7.660974
3852	-8146.565	-8408.35	261.7856	0.8651815	7.3757
3858	-8143.007	-8405.035	262.0279	0.8651815	7.245637
3864	-8148.762	-8409.54	260.7773	0.8147443	7.942065
3870	-8145.579	-8406.605	261.0253	0.7672048	7.835028
3876	-8148.466	-8409.759	261.2931	0.8088015	7.669687
3882	-8140.629	-8402.13	261.501	0.798521	7.563912
3888	-8141.574	-8402.723	261.1487	0.7978072	7.752794
3894	-8152.37	-8414.225	261.8551	0.8759678	7.332613
3900	-8131.402	-8394.437	263.0344	0.9198416	6.673992
3906	-8151.212	-8414.16	262.9477	0.9617023	6.698237
3912	-8139.229	-8401.801	262.5719	0.8495534	6.961444
3918	-8123.305	-8386.607	263.3023	0.9008029	6.539348
3924	-8131.298	-8392.703	261.4049	0.8920577	7.565304
3930	-8137.328	-8399.202	261.8742	0.8587323	7.331623
3936	-8156.83	-8417.749	260.9194	0.8777695	7.832534
3942	-8132.017	-8394.488	262.4702	0.8685717	7.005987
3948	-8126.143	-8387.793	261.6505	0.8863598	7.436783
3954	-8137.194	-8400.383	263.1889	0.8752266	6.614571
3960	-8139.656	-8402.683	263.0277	0.9469032	6.663007
3966	-8146.763	-8409.67	262.9071	0.9194166	6.742994
3972	-8144.425	-8407.97	263.5449	0.9674382	6.37176
3978	-8153.915	-8416.776	262.8612	0.9029379	6.776666
3984	-8143.101	-8404.634	261.5332	0.8250407	7.532482
3990	-8135.435	-8396.702	261.267	0.789694	7.693884
3996	-8137.582	-8398.829	261.2466	0.8372457	7.679339
4002	-8125.454	-8386.801	261.3468	0.8280707	7.630651
4008	-8142.891	-8405.946	263.0547	0.8211867	6.716342
4014	-8136.342	-8399.299	262.9572	0.9186323	6.716342
4020	-8130.295	-8393.872	263.5767	0.9273957	6.376245
4026	-8146.472	-8410.891	264.4191	0.9074329	5.928627
4032	-8149.814	-8413.205	263.3908	0.8770327	6.504325
4038	-8140.69	-8403.395	262.7049	0.8532864	6.887764
4044	-8156.055	-8419.095	263.0394	0.8532864	6.707267
4050	-8149.46	-8412.95	263.4905	0.9330994	6.419916
4056	-8135.753	-8399.003	263.2499	0.9560284	6.537825
4062	-8132.229	-8395.327	263.0979	0.8945892	6.653319
4068	-8135.723	-8397.199	261.4764	0.8843983	7.531124
4074	-8145.522	-8407.074	261.5522	0.8660509	7.500352
4080	-8152.978	-8413.382	260.4042	0.8475012	8.123541
4086	-8145.848	-8406.712	260.8632	0.7611958	7.924778
4092	-8142.093	-8402.906	260.8131	0.8113681	7.924778
4098	-8145.451	-8407.366	261.9152	0.9010446	7.286924
4104	-8133.833	-8396.345	262.512	0.8654848	6.98515
4110	-8140.15	-8401.742	261.5916	0.8426689	7.491788
4116	-8127.715	-8390.421	262.7054	0.8514052	6.888514
4122	-8144.482	-8406.753	262.2707	0.9097192	7.091206
4128	-8143.134	-8406.475	263.3407	0.8639223	6.538557
4134	-8136.988	-8397.515	260.5273	0.8185222	8.073375
4140	-8135.206	-8397.965	262.7593	0.8945497	6.836167
4146	-8135.921	-8398.698	262.7769	0.8770095	6.836167
4152	-8139.912	-8404.288	264.3756	0.9406361	5.934244
4158	-8152.962	-8415.196	262.2337	0.9009729	7.115846
4164	-8166.579	-8427.527	260.9483	0.8208138	7.847554
4170	-8148.744	-8409.68	260.9364	0.7878197	7.871533
4176	-8150.308	-8411.591	261.2832	0.7548703	7.703801
4182	-8151.372	-8413.611	262.2392	0.8961519	7.11545
4188	-8147.583	-8408.788	261.2042	0.7970175	7.723538
4194	-8141.55	-8403.781	262.2308	0.8329835	7.153937
4200	-8133.755	-8395.631	261.8759	0.8978964	7.309724
4206	-8129.599	-8391.568	261.9681	0.8056329	7.309724
4212	-8124.7	-8386.913	262.2126	0.8101781	7.175999
4218	-8137.008	-8399.385	262.3771	0.7939937	7.096218
4224	-8125.726	-8387.736	262.01	0.8638586	7.256002
4230	-8147.645	-8410.211	262.5654	0.9439808	6.914067
4236	-8152.787	-8414.201	261.4139	0.8636279	7.575709
4242	-8153.092	-8415.405	262.3131	0.8634013	7.093349
4248	-8147.28	-8410.199	262.9181	0.9166926	6.738538
4254	-8156.16	-8417.551	261.3913	0.8266718	7.607586
4260	-8154.276	-8415.203	260.9265	0.8390442	7.849457
4266	-8142.556	-8405.851	263.2951	0.9283052	6.52839
4272	-8133.8	-8396.807	263.0064	0.8690147	6.716593
4278	-8143.704	-8405.273	261.5688	0.8334252	7.508909
4284	-8136.683	-8399.151	262.4679	0.8764565	7.003005
4290	-8135.611	-8397.243	261.6321	0.9099594	7.434021
4296	-8148.044	-8410.119	262.0747	0.9725949	7.162795
4302	-8165.185	-8425.89	260.7048	0.8889648	7.94114
4308	-8135.692	-8397.083	261.3913	0.8357629	7.602716
4314	-8159.551	-8421.504	261.9534	0.9585447	7.235522
4320	-8163.632	-8426.66	263.0284	0.9347241	6.6692
4326	-8154.728	-8418.323	263.5954	0.8870155	6.387989
4332	-8160.435	-8423.086	262.6504	0.9078687	6.887725
4338	-8157.261	-8420.292	263.0313	0.9670033	6.650144
4344	-8162.493	-8423.611	261.118	0.7867023	7.775093
4350	-8145.922	-8408.364	262.442	0.8324117	7.040663
4356	-8140.953	-8403.518	262.5648	0.8115129	6.985759
4362	-8159.639	-8420.816	261.1765	0.8319762	7.719661
4368	-8157.074	-8418.248	261.1744	0.8340491	7.719661
4374	-8152.012	-8413.624	261.6125	0.7822132	7.512961
4380	-8138.369	-8399.736	261.3668	0.7816444	7.644764
4386	-8137.273	-8397.137	259.8645	0.702533	8.487804
4392	-8140.011	-8400.588	260.5779	0.7359172	8.090455
4398	-8148.683	-8409.237	260.5537	0.8329303	8.051607
4404	-8157.211	-8419.441	262.2307	0.8493942	7.145152
4410	-8157.885	-8418.884	260.9993	0.7581584	7.853787
4416	-8152.923	-8413.996	261.0727	0.7478092	7.82008
4422	-8152.017	-8413.909	261.8916	0.8063951	7.350394
4428	-8158.312	-8419.768	261.4561	0.9393424	7.512561
4434	-8150.518	-8412.328	261.8096	0.8533553	7.369149
4440	-8135.381	-8397.627	262.2453	0.8502826	7.13685
4446	-8140.352	-8401.599	261.2473	0.8444959	7.675094
4452	-8129.914	-8392.156	262.2426	0.8326222	7.147795
4458	-8126.648	-8388.755	262.1069	0.8367251	7.218492
4464	-8136.253	-8397.102	260.8489	0.7694511	7.928018
4470	-8138.547	-8399.642	261.0944	0.8070741	7.776821
4476	-8154.901	-8416.905	262.0045	0.8810939	7.2497
4482	-8149.213	-8410.614	261.4011	0.7764423	7.62922
4488	-8149.961	-8411.909	261.9482	0.7749726	7.336849
4494	-8147.076	-8410.434	263.3575	0.8668356	6.527864
4500	-8154.844	-8419.456	264.6122	0.9692393	5.789299
4506	-8141.554	-8404.61	263.0561	0.9158909	6.664411
4512	-8147.508	-8409.779	262.2713	0.828046	7.134797
4518	-8159.789	-8421.02	261.2304	0.8625594	7.674478
4524	-8141.742	-8402.234	260.4915	0.7317352	8.138676
4530	-8141.663	-8402.345	260.682	0.7527908	8.025968
4536	-8137.066	-8397.843	260.7766	0.8050958	7.947592
4542	-8130.26	-8391.644	261.3842	0.8001349	7.625601
4548	-8151.465	-8412.895	261.4295	0.7961569	7.603449
4554	-8146.492	-8408.086	261.5946	0.8559221	7.483081
4560	-8137.749	-8399.934	262.1851	0.8706395	7.158253
4566	-8150.014	-8412.804	262.7894	0.9161443	6.80831
4572	-8141.919	-8404.759	262.8399	0.8656539	6.80831
4578	-8145.787	-8408.86	263.0732	0.8313528	6.700835
4584	-8126.27	-8388.303	262.0325	0.8654867	7.243007
4590	-8136.17	-8398.229	262.0585	0.8654867	7.229049
4596	-8136.101	-8397.112	261.0117	0.780565	7.835177
4602	-8139.112	-8401.102	261.9897	0.8533421	7.27254
4608	-8139.581	-8400.8	261.2198	0.8758275	7.67304
4614	-8137.428	-8400.411	262.9827	0.8770245	6.725055
4620	-8127.404	-8390.46	263.0559	0.8778138	6.685102
4626	-8131.21	-8393.156	261.9464	0.9110688	7.264765
4632	-8134.855	-8395.171	260.3167	0.748419	8.222889
4638	-8134.61	-8394.949	260.3397	0.725426	8.222889
4644	-8137.609	-8400.855	263.2459	0.8742902	6.58426
4650	-8146.991	-8409.377	262.3859	0.8567393	7.057752
4656	-8151.556	-8414.744	263.1886	0.9151771	6.593142
4662	-8153.45	-8415.523	262.0734	0.8298254	7.240237
4668	-8148.963	-8411.216	262.2523	0.8703048	7.122313
4674	-8158.258	-8418.055	259.7971	0.799167	8.472288
4680	-8148.831	-8409.649	260.8178	0.7643093	7.94735
4686	-8152.7	-8413.723	261.0231	0.8066749	7.815122
4692	-8154.1	-8415.877	261.7774	0.8020525	7.413948
4698	-8158.708	-8419.83	261.1218	0.8328698	7.748429
4704	-8148.505	-8412.118	263.6121	0.9539019	6.34263
4710	-8140.538	-8402.624	262.0857	0.9074492	7.191896
4716	-8129.951	-8392.085	262.1338	0.8121134	7.217257
4722	-8130.401	-8392.149	261.7475	0.808634	7.426456
4728	-8130.284	-8392.33	262.0461	0.7878169	7.277448
4734	-8147.654	-8410.455	262.8009	0.9069284	6.807057
4740	-8140.108	-8402.189	262.0813	0.8924041	7.202328
4746	-8138.538	-8400.63	262.0918	0.8819553	7.202328
4752	-8128.604	-8389.788	261.1837	0.8266724	7.718642
4758	-8135.278	-8396.275	260.9973	0.8083578	7.828038
4764	-8138.241	-8399.747	261.5055	0.8083578	7.556269
4770	-8135.083	-8398.842	263.7595	0.9713349	6.253101
4776	-8144.214	-8408.093	263.8797	0.9731952	6.186768
4782	-8132.059	-8394.648	262.5891	0.8366496	6.959152
4788	-8142.407	-8403.2	260.7928	0.7627695	7.961541
4794	-8136.709	-8398.095	261.3867	0.8480368	7.598595
4800	-8132.531	-8393.904	261.3733	0.8614249	7.598595
4806	-8130.716	-8392.149	261.4326	0.9155717	7.537882
4812	-8150.014	-8411.8	261.7855	0.8194737	7.400264
4818	-8150.926	-8411.562	260.6362	0.7482383	8.052788
4824	-8137.808	-8398.422	260.6143	0.7700945	8.052788
4830	-8147.227	-8408.436	261.2093	0.8196287	7.70869
4836	-8143.48	-8405.793	262.3136	0.8959314	7.075543
4842	-8139.112	-8401.692	262.5802	0.8356613	6.964467
4848	-8151.405	-8413.003	261.598	0.8686771	7.474429
4854	-8149.195	-8412.095	262.9	0.8640354	6.776735
4860	-8143.052	-8403.827	260.7751	0.8930334	7.901448
4866	-8140.196	-8402.614	262.4182	0.8975267	7.018404
4872	-8136.965	-8398.39	261.4255	0.8102025	7.598114
4878	-8136.84	-8398.446	261.6059	0.7547929	7.531186
4884	-8136.12	-8398.171	262.0511	0.73767	7.301675
4890	-8126.604	-8389.229	262.6248	0.817789	6.950066
4896	-8130.708	-8393.189	262.4806	0.9619738	6.950066
4902	-8130.583	-8393.358	262.7746	0.8948019	6.827807
4908	-8136.939	-8398.475	261.5361	0.8141856	7.536758
4914	-8136.355	-8397.835	261.4805	0.7881948	7.580462
4920	-8128.022	-8390.149	262.1271	0.807828	7.223204
4926	-8126.969	-8389.635	262.6652	0.8580656	6.906592
4932	-8138.601	-8402.22	263.619	0.9478246	6.342194
4938	-8147.034	-8410.339	263.3049	0.9470003	6.512954
4944	-8142.937	-8406.953	264.016	0.9429939	6.129035
4950	-8144.404	-8409.072	264.6681	1.058211	5.709935
4956	-8143.264	-8408.956	265.6925	0.9675489	5.195905
4962	-8136.297	-8400.45	264.1539	0.9762609	6.035797
4968	-8121.431	-8385.103	263.6721	0.9360372	6.319769
4974	-8125.993	-8387.29	261.2967	0.8250807	7.659046
4980	-8139.7	-8402.01	262.31	0.8776678	7.087302
4986	-8143.608	-8404.54	260.9318	0.8222714	7.855583
4992	-8156.456	-8418.096	261.6403	0.8995455	7.435206
4998	-8139.232	-8403.153	263.9217	0.8895623	6.209415
5004	-8144.474	-8406.986	262.5123	0.8197429	7.009629
5010	-8147.473	-8408.302	260.829	0.8276672	7.907582
5016	-8143.816	-8405.602	261.7854	0.8276672	7.395925
5022	-8134.05	-8395.679	261.629	0.7993514	7.494949
5028	-8145.217	-8407.236	262.0185	0.8430472	7.262616
5034	-8139.058	-8401.87	262.8122	0.8927304	6.80865
5040	-8132.532	-8394.611	262.0791	0.7952005	7.255733
5046	-8136.413	-8397.583	261.1701	0.8689419	7.703312
5052	-8134.998	-8397.706	262.7077	0.8267249	6.900581
5058	-8127.093	-8389.096	262.0021	0.8267249	7.280144
5064	-8127.305	-8389.612	262.3075	0.8931443	7.080348
5070	-8129.475	-8392.475	263	0.8768376	6.715834
5076	-8135.571	-8399.006	263.4348	0.8737616	6.482236
5082	-8143.512	-8405.064	261.5525	0.828309	7.520387
5088	-8129.068	-8390.098	261.0302	0.8787217	7.772874
5094	-8141.843	-8405.463	263.6201	0.9182628	6.357669
5100	-8137.747	-8400.794	263.0474	0.8598061	6.699398
5106	-8144.918	-8405.836	260.9173	0.8002767	7.875042
5112	-8137.233	-8400.106	262.8724	0.9367925	6.752324
5118	-8155.306	-8418.257	262.9517	1.030551	6.658828
5124	-8154.675	-8414.674	259.9997	0.8185469	8.354249
5130	-8136.525	-8397.852	261.3271	0.8727317	7.617293
5136	-8157.259	-8417.731	260.4716	0.8925262	8.063605
5142	-8150.673	-8412.823	262.1493	0.8705146	7.177549
5148	-8143.492	-8405.232	261.7393	0.8617157	7.402374
5154	-8151.797	-8413.966	262.1695	0.9831625	7.106172
5160	-8146.347	-8410.047	263.6999	0.8205842	6.367373
5166	-8123.12	-8385.645	262.5249	0.8145833	7.005635
5172	-8147.034	-8409.822	262.7875	0.8677731	6.835403
5178	-8150.924	-8413.959	263.0356	0.8551072	6.708328
5184	-8137.512	-8399.128	261.6161	0.7732957	7.515829
5190	-8144.914	-8406.878	261.9637	0.8919304	7.265745
5196	-8140.983	-8402.966	261.983	0.8727179	7.265745
5202	-8139.903	-8401.941	262.0377	0.8180187	7.265745
5208	-8135.086	-8396.181	261.095	0.8379084	7.760055
5214	-8137.403	-8398.16	260.7573	0.8286043	7.945329
5220	-8135.754	-8398.09	262.3365	0.8018844	7.113806
5226	-8151.494	-8415.241	263.7471	0.944266	6.274595
5232	-8129.71	-8392.118	262.4081	0.845807	7.051664
5238	-8144.317	-8407.318	263.0015	0.8803231	6.713119
5244	-8149.734	-8412.8	263.0663	0.8325726	6.703917
5250	-8149.637	-8411.769	262.132	0.9039353	7.168923
5256	-8137.875	-8400.116	262.2416	0.7942748	7.168923
5262	-8150.757	-8411.708	260.9509	0.8067065	7.853673
5268	-8142.849	-8404.444	261.596	0.8619278	7.479105
5274	-8153.003	-8415.735	262.7318	0.9488514	6.821736
5280	-8144.52	-8406.25	261.73	0.7999676	7.440473
5286	-8146.439	-8409.523	263.0847	0.9387123	6.636603
5292	-8130.05	-8391.66	261.6106	0.8157801	7.495976
5298	-8137.852	-8399.444	261.5923	0.8341034	7.495976
5304	-8133.186	-8394.713	261.5268	0.775034	7.562698
5310	-8138.12	-8399.751	261.6303	0.8643219	7.459436
5316	-8144.166	-8406.037	261.8706	0.8407084	7.343234
5322	-8160.158	-8422.786	262.6282	0.8400604	6.93626
5328	-8139.253	-8401.383	262.1304	0.8526754	7.19729
5334	-8152.362	-8413.303	260.9406	0.9601129	7.777244
5340	-8140.332	-8402.368	262.0366	0.8730657	7.23677
5346	-8128.624	-8390.456	261.8324	0.858006	7.354455
5352	-8137.301	-8398.466	261.1654	0.8022952	7.741452
5358	-8148.093	-8409.188	261.0951	0.8883973	7.732997
5364	-8144.088	-8406.924	262.8355	0.905504	6.789156
5370	-8162.824	-8423.883	261.059	0.7576096	7.82217
5376	-8159.969	-8420.992	261.0229	0.7937186	7.82217
5382	-8152.217	-8413.325	261.1086	0.7944997	7.775949
5388	-8142.97	-8404.966	261.9961	0.8850491	7.25207
5394	-8144.452	-8406.46	262.0075	0.8736352	7.25207
5400	-8152.995	-8413.971	260.976	0.8301055	7.827781
5406	-8145.217	-8406.908	261.6909	0.800766	7.460997
5412	-8129.631	-8391.605	261.9744	0.7984218	7.310235
5418	-8123.146	-8384.3	261.1542	0.8701644	7.711172
5424	-8137.661	-8400.814	263.1522	0.8743615	6.634911
5430	-8137.453	-8399.476	262.023	0.7920152	7.287556
5436	-8132.125	-8394.361	262.2365	0.8150892	7.160482
5442	-8124.973	-8386.953	261.9803	0.8688978	7.269245
5448	-8131.246	-8392.447	261.2005	0.8796807	7.681302
5454	-8132.718	-8394.508	261.7897	0.8310535	7.391821
5460	-8142.78	-8403.14	260.3601	0.8410692	8.150447
5466	-8129.854	-8390.582	260.7283	0.8111738	7.970124
5472	-8138.212	-8399.503	261.2902	0.840707	7.654163
5478	-8145.055	-8406.609	261.554	0.8876122	7.48781
5484	-8128.695	-8391.447	262.7517	0.8572978	6.860381
5490	-8132.378	-8394.495	262.117	0.8658845	7.197434
5496	-8124.577	-8386.505	261.9285	0.8183165	7.3242
5502	-8148.533	-8410.028	261.4945	0.880412	7.523549
5508	-8148.947	-8410.549	261.602	0.772956	7.523549
5514	-8148.077	-8409.437	261.3602	0.8203825	7.627568
5520	-8154.34	-8415.841	261.5005	0.8727546	7.524471
5526	-8149.585	-8412.375	262.7903	0.8727546	6.831213
5532	-8138.119	-8399.993	261.8738	0.8066618	7.35977
5538	-8132.768	-8394.55	261.7812	0.8993059	7.35977
5544	-8136.289	-8398.502	262.2132	0.817785	7.171582
5550	-8127.082	-8389.27	262.1886	0.8618825	7.161072
5556	-8142.404	-8404.937	262.5336	0.8315603	6.991769
5562	-8131.427	-8393.881	262.454	0.8897606	7.003329
5568	-8144.99	-8407.535	262.5449	0.8277865	6.987747
5574	-8141.61	-8404.137	262.527	0.8487584	6.986097
5580	-8135.81	-8397.373	261.5624	0.8608109	7.497666
5586	-8127.031	-8389.23	262.1991	0.8309514	7.17208
5592	-8122.145	-8384.347	262.2016	0.8532307	7.158776
5598	-8117.587	-8379.655	262.0679	0.8550558	7.229599
5604	-8121.074	-8384.04	262.9662	0.8572278	6.744651
5610	-8136.887	-8397.391	260.5046	0.811699	8.089116
5616	-8138.005	-8399.348	261.3426	0.8788099	7.60574
5622	-8133.819	-8396.262	262.4429	0.8863429	7.011149
5628	-8135.162	-8398.184	263.0214	0.9296797	6.675693
5634	-8132.078	-8395.165	263.0873	0.8638142	6.675693
5640	-8130.064	-8394.413	264.3493	0.955398	5.940575
5646	-8130.889	-8394.621	263.7315	0.9515071	6.279102
5652	-8136.653	-8399.362	262.7087	0.9537314	6.831555
5658	-8132.415	-8395.164	262.7487	0.9137589	6.831555
5664	-8138.851	-8401.377	262.5258	0.9402336	6.937435
5670	-8133.465	-8395.719	262.2546	0.8238321	7.146039
5676	-8149.62	-8411.471	261.8505	0.7620135	7.39622
5682	-8134.406	-8397.155	262.7487	0.8267329	6.87846
5688	-8134.412	-8395.185	260.7729	0.8125962	7.945552
5694	-8124.584	-8385.842	261.2578	0.8125962	7.686513
5700	-8134.682	-8396.642	261.9602	0.8875377	7.270026
5706	-8147.701	-8409.466	261.7654	0.8594529	7.3896
5712	-8137.376	-8397.901	260.5244	0.8411675	8.062869
5718	-8138.297	-8400.986	262.6894	0.7905583	6.929933
5724	-8141.738	-8403.387	261.6491	0.7886222	7.489914
5730	-8142.089	-8404.832	262.7428	0.8724537	6.857016
5736	-8154.122	-8415.987	261.8641	0.7927354	7.372445
5742	-8154.973	-8416.034	261.0607	0.9510784	7.717876
5748	-8140.862	-8402.675	261.8126	0.8302571	7.379975
5754	-8147.887	-8410.707	262.82	0.8896316	6.806095
5760	-8140.638	-8402.1	261.4626	0.8017264	7.582793
5766	-8152.207	-8414.195	261.988	0.8299597	7.285994
5772	-8143.043	-8403.871	260.8277	0.7793672	7.934038
5778	-8142.497	-8405.038	262.5413	0.8821827	6.960357
5784	-8125.678	-8388.214	262.5363	0.8872423	6.960357
5790	-8132.822	-8395.375	262.5531	0.9159627	6.935797
5796	-8143.779	-8405.5	261.7218	0.8240641	7.431967
5802	-8141.16	-8402.413	261.253	0.7985781	7.696592
5808	-8143.457	-8404.673	261.2162	0.8354279	7.696592
5814	-8143.755	-8406.107	262.3517	0.8397969	7.085259
5820	-8161.332	-8425.188	263.8559	0.9716918	6.200543
5826	-8141.443	-8404.041	262.5989	0.8790053	6.931059
5832	-8143.799	-8404.602	260.8027	0.7575354	7.959056
5838	-8139.498	-8401.6	262.102	0.8414172	7.218649
5844	-8140.55	-8402.767	262.2174	0.8767373	7.137624
5850	-8134.269	-8396.307	262.0383	0.8596391	7.243066
5856	-8130.027	-8391.876	261.8489	0.8470491	7.351502
5862	-8135.836	-8397.083	261.2478	0.8179338	7.689016
5868	-8137.017	-8398.782	261.7643	0.817022	7.41294
5874	-8138.492	-8399.886	261.3946	0.8039733	7.617944
5880	-8160.3	-8421.179	260.8788	0.841661	7.87351
5886	-8153.711	-8415.111	261.4	0.841661	7.594933
5892	-8142.463	-8404.601	262.1385	0.8591134	7.189512
5898	-8142.975	-8403.843	260.8678	0.8013066	7.900929
5904	-8146.753	-8407.715	260.9618	0.8013066	7.850743
5910	-8167.926	-8429.929	262.003	0.9459004	7.215693
5916	-8155.554	-8418.035	262.4814	0.8960816	6.985173
5922	-8142.496	-8404.447	261.9508	0.9611963	7.235523
5928	-8145.6	-8409.568	263.9681	1.041414	6.10149
5934	-8145.425	-8408.212	262.7878	0.9375643	6.79758
5940	-8143.477	-8405.727	262.2501	0.813804	7.153857
5946	-8130.583	-8392.185	261.6028	0.8323322	7.491329
5952	-8128.792	-8390.531	261.739	0.8095123	7.430522
5958	-8125.858	-8388.001	262.1432	0.8299842	7.20262
5964	-8147.939	-8410.084	262.1455	0.80548	7.214537
5970	-8149.837	-8411.839	262.0018	0.8102087	7.28917
5976	-8127.45	-8389.276	261.8261	0.7844872	7.397284
5982	-8150.861	-8411.835	260.974	0.8289407	7.829453
5988	-8155.827	-8416.374	260.5463	0.8299722	8.057117
5994	-8151.277	-8413.211	261.9343	0.9172812	7.267946
6000	-8140.755	-8403.133	262.378	0.8167837	7.08347
6006	-8146.242	-8408.281	262.039	0.8309056	7.25809
6012	-8143.258	-8403.479	260.2206	0.8009524	8.246106
6018	-8137.508	-8398.691	261.1825	0.7902363	7.738736
6024	-8146.301	-8407.418	261.1173	0.7957446	7.770675
6030	-8149.242	-8409.8	260.5587	0.7870127	8.073408
6036	-8145.725	-8407.939	262.2137	0.8200372	7.17007
6042	-8130.68	-8393.075	262.3952	0.8938444	7.032788
6048	-8129.269	-8392.228	262.9589	0.863887	6.744995
6054	-8122.96	-8385.009	262.0491	0.816975	7.260149
6060	-8122.451	-8385.19	262.7396	0.8226475	6.885617
6066	-8128.365	-8392.551	264.1859	0.9743447	6.019364
6072	-8126.487	-8388.246	261.7585	0.8076229	7.421124
6078	-8137.758	-8400.082	262.3243	0.7713369	7.136828
6084	-8137.308	-8398.206	260.8978	0.7809222	7.895783
6090	-8142.446	-8403.023	260.578	0.8093895	8.051239
6096	-8128.384	-8389.322	260.9376	0.7566858	7.887477
6102	-8141.906	-8403.594	261.6882	0.8362266	7.443444
6108	-8147.042	-8406.476	259.4339	0.7451984	8.693777
6114	-8145.953	-8406.694	260.7404	0.7577619	7.992154
6120	-8147.066	-8407.788	260.722	0.776112	7.992154
6126	-8134.173	-8395.98	261.8071	0.8428336	7.376161
6132	-8148.921	-8410.913	261.9919	0.8497185	7.273287
6138	-8141.044	-8403.93	262.8862	0.8497185	6.791889
6144	-8131.487	-8395.268	263.7813	0.8942082	6.283176
6150	-8142.416	-8406.413	263.9975	0.941351	6.140002
6156	-8138.1	-8401.08	262.9803	0.9172087	6.704649
6162	-8140.013	-8403.7	263.6868	0.9242181	6.318194
6168	-8130.31	-8392.85	262.5406	0.8484392	6.978935
6174	-8143.233	-8406.503	263.2697	0.8467745	6.586261
6180	-8133.986	-8396.515	262.5291	0.7953973	7.013679
6186	-8145.815	-8408.819	263.0046	0.9283382	6.685515
6192	-8149.249	-8410.36	261.1115	0.7803456	7.782003
6198	-8142.368	-8404.269	261.9016	0.7946271	7.351322
6204	-8147.45	-8410.695	263.2446	0.8899885	6.57645
6210	-8140.699	-8404.328	263.6284	0.8965622	6.364898
6216	-8132.465	-8394.141	261.6753	0.7966634	7.47159
6222	-8143.7	-8404.628	260.928	0.781306	7.879502
6228	-8149.556	-8411.047	261.4912	0.9478415	7.489207
6234	-8133.816	-8395.443	261.6275	0.811566	7.489207
6240	-8138.282	-8400.506	262.2238	0.8456226	7.150914
6246	-8121.218	-8383.475	262.2571	0.8123249	7.150914
6252	-8126.043	-8387.2	261.1568	0.7259816	7.78682
6258	-8134.386	-8396.404	262.0183	0.8971381	7.233638
6264	-8147.678	-8408.13	260.4527	0.7780779	8.134698
6270	-8137.44	-8400.063	262.6222	0.8733563	6.921524
6276	-8131.679	-8393.374	261.6951	0.9501244	7.378693
6282	-8134.971	-8396.774	261.8035	0.7912015	7.405761
6288	-8129.67	-8391.116	261.4457	0.8017231	7.591841
6294	-8135.279	-8397.549	262.2697	0.9220671	7.085105
6300	-8149.908	-8410.838	260.9296	0.9078719	7.811008
6306	-8158.299	-8421.431	263.1325	0.8965448	6.633529
6312	-8148.423	-8409.822	261.3997	0.8604449	7.585038
6318	-8139.177	-8401.112	261.9346	0.8831774	7.286097
6324	-8134.9	-8398.267	263.3671	0.9470587	6.479226
6330	-8133.966	-8397.318	263.3528	0.9613484	6.479226
6336	-8145.616	-8408.809	263.1932	1.063552	6.510343
6342	-8138.074	-8401.319	263.245	0.9184953	6.560805
6348	-8124.414	-8387.362	262.9484	0.8434322	6.761746
6354	-8126.006	-8387.442	261.436	0.7151457	7.643335
6360	-8128.21	-8390.805	262.5947	0.8177471	6.966297
6366	-8128.163	-8389.427	261.264	0.8965507	7.638306
6372	-8135.87	-8398.056	262.1852	0.8311856	7.17941
6378	-8128.505	-8390.394	261.889	0.8688951	7.318258
6384	-8126.245	-8388.881	262.6359	0.8695224	6.916208
6390	-8122.841	-8384.605	261.7644	0.84512	7.39781
6396	-8134.295	-8396.107	261.8123	0.7972999	7.39781
6402	-8130.141	-8392.63	262.4897	0.8148495	7.024435
6408	-8130.437	-8392.542	262.1045	0.8301132	7.223334
6414	-8148.518	-8411.648	263.1298	0.8371165	6.667112
6420	-8142.907	-8404.18	261.2724	0.7367966	7.719265
6426	-8141.303	-8403.316	262.0128	0.7909756	7.293597
6432	-8141.94	-8403.115	261.1758	0.7293721	7.774851
6438	-8146.314	-8407.478	261.164	0.7411472	7.774851
6444	-8151.639	-8413.673	262.0346	0.8057919	7.273957
6450	-8149.991	-8411.395	261.4036	0.8271892	7.600725
6456	-8155.446	-8417.257	261.8109	0.8483059	7.371194
6462	-8134.565	-8394.556	259.9911	0.7703719	8.384431
6468	-8142.139	-8403.751	261.6112	0.8277904	7.489212
6474	-8142.275	-8403.956	261.6814	0.7576637	7.489212
6480	-8140.682	-8402.576	261.8942	0.8454843	7.328033
6486	-8144.976	-8407.29	262.3144	0.8540597	7.097673
6492	-8143.334	-8405.541	262.2069	0.8720851	7.145786
6498	-8141.054	-8402.479	261.4257	0.8212233	7.592091
6504	-8139.848	-8402.494	262.6456	0.8620225	6.915044
6510	-8141.33	-8403.204	261.8733	0.814091	7.356079
6516	-8139.768	-8401.831	262.0632	0.8759561	7.220924
6522	-8145.754	-8408.179	262.4251	0.8839034	7.022009
6528	-8134.049	-8396.818	262.7683	0.8716368	6.843673
6534	-8133.627	-8395.476	261.8496	0.8896014	7.328266
6540	-8147.267	-8409.772	262.505	0.8842672	6.978805
6546	-8147.57	-8409.71	262.14	0.8575442	7.189547
6552	-8140.783	-8402.782	261.9983	0.755544	7.320402
6558	-8155.158	-8417.563	262.405	0.8681129	7.041361
6564	-8146.26	-8408.412	262.1525	0.8737864	7.174074
6570	-8148.43	-8409.588	261.1579	0.8635523	7.712687
6576	-8149.22	-8411.966	262.7468	0.8659965	6.858312
6582	-8136.54	-8398.319	261.7792	0.7801905	7.424709
6588	-8129.667	-8391.399	261.7324	0.8910574	7.390374
6594	-8129.769	-8391.908	262.1392	0.815005	7.212838
6600	-8121.417	-8383.189	261.7714	0.8300797	7.402126
6606	-8140.192	-8401.921	261.7285	0.8729958	7.402126
6612	-8156.544	-8420.324	263.7803	1.055535	6.196051
6618	-8136.604	-8399.426	262.8211	0.9264957	6.785596
6624	-8137.872	-8400.037	262.1647	0.8993737	7.153809
6630	-8139.396	-8401.592	262.1956	0.902771	7.13537
6636	-8143.785	-8404.537	260.7525	0.8463132	7.93846
6642	-8147.536	-8410.678	263.1418	0.8305803	6.664159
6648	-8153.204	-8415.734	262.53	0.9256314	6.943073
6654	-8134.735	-8393.878	259.1433	0.7214527	8.860415
6660	-8130.856	-8392.28	261.4242	0.8716997	7.565849
6666	-8132.373	-8393.812	261.4392	0.8567616	7.565849
6672	-8121.249	-8384.277	263.0274	0.885301	6.696433
6678	-8134.107	-8397.457	263.3497	0.889019	6.520096
6684	-8121.869	-8384.08	262.2107	0.8359614	7.16312
6690	-8140.992	-8403.363	262.3708	0.8584334	7.06498
6696	-8145.963	-8406.942	260.9793	0.8380388	7.821801
6702	-8134.761	-8395.625	260.8648	0.6976025	7.957868
6708	-8136.177	-8398.954	262.7767	0.861543	6.844585
6714	-8143.848	-8407.263	263.4148	0.9100245	6.473435
6720	-8134.373	-8398.325	263.9521	0.9480385	6.161073
6726	-8136.593	-8399.699	263.1065	0.8986163	6.646503
6732	-8129.617	-8392.589	262.972	0.9180645	6.70869
6738	-8136.89	-8400.436	263.546	0.9527427	6.379133
6744	-8148.872	-8409.814	260.9416	0.7996812	7.862383
6750	-8140.733	-8403.132	262.3985	0.8498616	7.054639
6756	-8150.708	-8412.786	262.0786	0.8286282	7.238078
6762	-8129.741	-8391.287	261.5462	0.8422555	7.51633
6768	-8123.184	-8385.901	262.7167	0.7913328	6.914816
6774	-8122.974	-8384.565	261.5907	0.7883867	7.521334
6780	-8139.434	-8401.899	262.4647	0.8361785	7.026391
6786	-8144.558	-8405.679	261.1211	0.7638312	7.785686
6792	-8138.611	-8400.579	261.9681	0.8203575	7.301811
6798	-8138.077	-8400.217	262.1398	0.7984689	7.22137
6804	-8129.686	-8391.99	262.3036	0.8447943	7.10846
6810	-8120.874	-8383.165	262.291	0.8574112	7.10846
6816	-8116.98	-8380.323	263.3432	0.8969367	6.519319
6822	-8120.667	-8383.913	263.2456	0.8852949	6.578453
6828	-8124.844	-8388.446	263.6028	1.002313	6.321416
6834	-8138.477	-8399.628	261.1509	0.8296576	7.734593
6840	-8146.186	-8408.223	262.0371	0.8408658	7.253796
6846	-8154.027	-8416.583	262.5561	0.8482314	6.970716
6852	-8153.278	-8414.59	261.3122	0.8822064	7.620187
6858	-8136.968	-8399.56	262.5926	0.8390132	6.955995
6864	-8136.41	-8399.121	262.711	0.9388957	6.838328
6870	-8139.661	-8404.217	264.5554	0.9730488	5.8183
6876	-8142.739	-8406.184	263.4445	0.9305561	6.446238
6882	-8143.271	-8406.68	263.4081	0.8779096	6.494465
6888	-8145.635	-8408.925	263.2904	0.9746663	6.505819
6894	-8147.227	-8410.827	263.6004	0.943309	6.354738
6900	-8132.392	-8394.357	261.9647	0.9344035	7.242415
6906	-8140.942	-8403.475	262.5329	0.9520494	6.92724
6912	-8145.233	-8407.199	261.9654	0.8526135	7.285984
6918	-8140.561	-8401.998	261.4372	0.8965689	7.545597
6924	-8125.797	-8388.591	262.7937	0.8857881	6.822335
6930	-8139.922	-8402.45	262.5276	0.9064264	6.954674
6936	-8132.074	-8394.727	262.6524	0.8715144	6.906247
6942	-8138.801	-8400.525	261.7245	0.8526026	7.415223
6948	-8140.516	-8401.973	261.4565	0.7793343	7.598049
6954	-8138.096	-8401.543	263.4472	0.8808828	6.471683
6960	-8128.5	-8391.882	263.3824	0.9456504	6.471683
6966	-8134.795	-8398.236	263.4402	0.8878741	6.471683
6972	-8135.721	-8397.719	261.9973	0.8053612	7.294183
6978	-8144.05	-8404.931	260.8808	0.794624	7.897567
6984	-8126.479	-8389.191	262.7112	0.8017188	6.912187
6990	-8124.979	-8388.143	263.1642	0.878688	6.62606
6996	-8129.267	-8392.909	263.6426	0.925732	6.341357
7002	-8231.886	-8493.287	261.4008	0.8549295	7.587373
7008	-8191.643	-8452.921	261.2777	0.9780377	7.587373
7014	-8154.212	-8417.021	262.8092	0.8545335	6.830878
7020	-8153.781	-8416.495	262.7141	0.9495558	6.830878
7026	-8150.99	-8414.1	263.1103	0.8669985	6.661497
7032	-8144.326	-8408.065	263.7394	0.9557526	6.272537
7038	-8141.402	-8403.236	261.8337	0.892392	7.3353
7044	-8148.473	-8411.098	262.6252	0.9006576	6.905189
7050	-8152.871	-8414.863	261.9913	0.8340399	7.28204
7056	-8160.667	-8421.84	261.1734	0.8630347	7.704708
7062	-8153.513	-8414.751	261.2381	0.7982661	7.704708
7068	-8162.633	-8423.844	261.2108	0.8385774	7.697797
7074	-8155.339	-8417.276	261.9374	0.7957383	7.331505
7080	-8149.279	-8412.31	263.0307	0.9763868	6.645439
7086	-8144.181	-8405.299	261.1181	0.783695	7.776657
7092	-8144.252	-8405.743	261.4915	0.8511846	7.54084
7098	-8139.178	-8400.668	261.4904	0.8522605	7.54084
